Archive member included because of file (symbol)

/Users/jcw/Tools/gcc-arm-none-eabi-4_7-2013q3/bin/../lib/gcc/arm-none-eabi/4.7.4/armv6-m/libgcc.a(_udivsi3.o)
                              ../base/system_LPC8xx.o (__aeabi_uidiv)
/Users/jcw/Tools/gcc-arm-none-eabi-4_7-2013q3/bin/../lib/gcc/arm-none-eabi/4.7.4/armv6-m/libgcc.a(_dvmd_tls.o)
                              /Users/jcw/Tools/gcc-arm-none-eabi-4_7-2013q3/bin/../lib/gcc/arm-none-eabi/4.7.4/armv6-m/libgcc.a(_udivsi3.o) (__aeabi_idiv0)

Allocating common symbols
Common symbol       size              file

msTicks             0x4               main.o

Discarded input sections

 .text          0x0000000000000000        0x0 main.o
 .data          0x0000000000000000        0x0 main.o
 .bss           0x0000000000000000        0x0 main.o
 .text          0x0000000000000000        0x0 ../base/system_LPC8xx.o
 .data          0x0000000000000000        0x4 ../base/system_LPC8xx.o
 .bss           0x0000000000000000        0x0 ../base/system_LPC8xx.o
 .text.SystemCoreClockUpdate
                0x0000000000000000       0x84 ../base/system_LPC8xx.o
 .text.SystemInit
                0x0000000000000000       0x14 ../base/system_LPC8xx.o
 .rodata        0x0000000000000000       0x3c ../base/system_LPC8xx.o
 .debug_info    0x0000000000000000      0x47b ../base/system_LPC8xx.o
 .debug_abbrev  0x0000000000000000       0xc7 ../base/system_LPC8xx.o
 .debug_loc     0x0000000000000000       0x93 ../base/system_LPC8xx.o
 .debug_aranges
                0x0000000000000000       0x28 ../base/system_LPC8xx.o
 .debug_ranges  0x0000000000000000       0x18 ../base/system_LPC8xx.o
 .debug_line    0x0000000000000000      0x105 ../base/system_LPC8xx.o
 .debug_str     0x0000000000000000      0x36d ../base/system_LPC8xx.o
 .comment       0x0000000000000000       0x71 ../base/system_LPC8xx.o
 .ARM.attributes
                0x0000000000000000       0x32 ../base/system_LPC8xx.o
 .debug_frame   0x0000000000000000       0x3c ../base/system_LPC8xx.o
 .text          0x0000000000000000        0x0 ../base/gcc_startup_lpc8xx.o
 .data          0x0000000000000000        0x0 ../base/gcc_startup_lpc8xx.o
 .bss           0x0000000000000000        0x0 ../base/gcc_startup_lpc8xx.o
 .text          0x0000000000000000       0x9c /Users/jcw/Tools/gcc-arm-none-eabi-4_7-2013q3/bin/../lib/gcc/arm-none-eabi/4.7.4/armv6-m/libgcc.a(_udivsi3.o)
 .data          0x0000000000000000        0x0 /Users/jcw/Tools/gcc-arm-none-eabi-4_7-2013q3/bin/../lib/gcc/arm-none-eabi/4.7.4/armv6-m/libgcc.a(_udivsi3.o)
 .bss           0x0000000000000000        0x0 /Users/jcw/Tools/gcc-arm-none-eabi-4_7-2013q3/bin/../lib/gcc/arm-none-eabi/4.7.4/armv6-m/libgcc.a(_udivsi3.o)
 .debug_frame   0x0000000000000000       0x20 /Users/jcw/Tools/gcc-arm-none-eabi-4_7-2013q3/bin/../lib/gcc/arm-none-eabi/4.7.4/armv6-m/libgcc.a(_udivsi3.o)
 .ARM.attributes
                0x0000000000000000       0x1e /Users/jcw/Tools/gcc-arm-none-eabi-4_7-2013q3/bin/../lib/gcc/arm-none-eabi/4.7.4/armv6-m/libgcc.a(_udivsi3.o)
 .text          0x0000000000000000        0x4 /Users/jcw/Tools/gcc-arm-none-eabi-4_7-2013q3/bin/../lib/gcc/arm-none-eabi/4.7.4/armv6-m/libgcc.a(_dvmd_tls.o)
 .data          0x0000000000000000        0x0 /Users/jcw/Tools/gcc-arm-none-eabi-4_7-2013q3/bin/../lib/gcc/arm-none-eabi/4.7.4/armv6-m/libgcc.a(_dvmd_tls.o)
 .bss           0x0000000000000000        0x0 /Users/jcw/Tools/gcc-arm-none-eabi-4_7-2013q3/bin/../lib/gcc/arm-none-eabi/4.7.4/armv6-m/libgcc.a(_dvmd_tls.o)
 .ARM.attributes
                0x0000000000000000       0x1e /Users/jcw/Tools/gcc-arm-none-eabi-4_7-2013q3/bin/../lib/gcc/arm-none-eabi/4.7.4/armv6-m/libgcc.a(_dvmd_tls.o)

Memory Configuration

Name             Origin             Length             Attributes
FLASH            0x0000000000001000 0x0000000000003000 xr
RAM              0x0000000010000200 0x0000000000000e00 xrw
*default*        0x0000000000000000 0xffffffffffffffff

Linker script and memory map


.text           0x0000000000001000      0x174
 *(.isr_vector)
 .isr_vector    0x0000000000001000       0xc0 ../base/gcc_startup_lpc8xx.o
                0x0000000000001000                g_pfnVectors
 *(.after_vectors*)
 .after_vectors
                0x00000000000010c0       0x4c ../base/gcc_startup_lpc8xx.o
                0x00000000000010c0                NMI_Handler
                0x00000000000010c2                HardFault_Handler
                0x00000000000010c4                PendSV_Handler
                0x00000000000010c8                PININT7_IRQHandler
                0x00000000000010c8                WKT_IRQHandler
                0x00000000000010c8                PININT2_IRQHandler
                0x00000000000010c8                PININT1_IRQHandler
                0x00000000000010c8                MRT_IRQHandler
                0x00000000000010c8                UART1_IRQHandler
                0x00000000000010c8                UART0_IRQHandler
                0x00000000000010c8                SPI1_IRQHandler
                0x00000000000010c8                IntDefaultHandler
                0x00000000000010c8                PININT3_IRQHandler
                0x00000000000010c8                UART2_IRQHandler
                0x00000000000010c8                PININT5_IRQHandler
                0x00000000000010c8                PININT4_IRQHandler
                0x00000000000010c8                PININT0_IRQHandler
                0x00000000000010c8                BOD_IRQHandler
                0x00000000000010c8                SCT_IRQHandler
                0x00000000000010c8                I2C_IRQHandler
                0x00000000000010c8                WDT_IRQHandler
                0x00000000000010c8                PININT6_IRQHandler
                0x00000000000010c8                SPI0_IRQHandler
                0x00000000000010c8                CMP_IRQHandler
                0x00000000000010ca                ResetISR
                0x0000000000001108                SVCall_Handler
 *(.text*)
 .text.SysTick_Handler
                0x000000000000110c       0x10 main.o
                0x000000000000110c                SysTick_Handler
 .text.startup.main
                0x000000000000111c       0x58 main.o
                0x000000000000111c                main
 *(.rodata .rodata.*)
                0x0000000000001174                . = ALIGN (0x4)
                0x0000000000001174                _etext = .

.glue_7         0x0000000000001174        0x0
 .glue_7        0x0000000000000000        0x0 linker stubs

.glue_7t        0x0000000000001174        0x0
 .glue_7t       0x0000000000000000        0x0 linker stubs

.vfp11_veneer   0x0000000000001174        0x0
 .vfp11_veneer  0x0000000000000000        0x0 linker stubs

.v4_bx          0x0000000000001174        0x0
 .v4_bx         0x0000000000000000        0x0 linker stubs

.iplt           0x0000000000001174        0x0
 .iplt          0x0000000000000000        0x0 main.o

.rel.dyn        0x0000000000001174        0x0
 .rel.iplt      0x0000000000000000        0x0 main.o

.data           0x0000000010000200        0x0 load address 0x0000000000001174
                0x0000000010000200                _data = .
 *(vtable)
 *(.data*)
                0x0000000010000200                . = ALIGN (0x4)
                0x0000000010000200                _edata = .

.igot.plt       0x0000000010000200        0x0 load address 0x0000000000001174
 .igot.plt      0x0000000000000000        0x0 main.o

.bss            0x0000000010000200        0x4 load address 0x0000000000001174
                0x0000000010000200                _bss = .
 *(.bss*)
 *(COMMON)
 COMMON         0x0000000010000200        0x4 main.o
                0x0000000010000200                msTicks
                0x0000000010000204                . = ALIGN (0x4)
                0x0000000010000204                _ebss = .
                0x0000000010000204                PROVIDE (end, .)
                0x0000000010000204                PROVIDE (_pvHeapStart, .)
                0x0000000010001000                PROVIDE (_vStackTop, (ORIGIN (RAM) + 0xe00))
LOAD main.o
LOAD ../base/system_LPC8xx.o
LOAD ../base/gcc_startup_lpc8xx.o
LOAD /Users/jcw/Tools/gcc-arm-none-eabi-4_7-2013q3/bin/../lib/gcc/arm-none-eabi/4.7.4/armv6-m/libgcc.a
OUTPUT(firmware.elf elf32-littlearm)

.debug_info     0x0000000000000000      0x809
 .debug_info    0x0000000000000000      0x645 main.o
 .debug_info    0x0000000000000645      0x1c4 ../base/gcc_startup_lpc8xx.o

.debug_abbrev   0x0000000000000000      0x2df
 .debug_abbrev  0x0000000000000000      0x1c3 main.o
 .debug_abbrev  0x00000000000001c3      0x11c ../base/gcc_startup_lpc8xx.o

.debug_aranges  0x0000000000000000       0x78
 .debug_aranges
                0x0000000000000000       0x28 main.o
 .debug_aranges
                0x0000000000000028       0x50 ../base/gcc_startup_lpc8xx.o

.debug_ranges   0x0000000000000000       0x88
 .debug_ranges  0x0000000000000000       0x48 main.o
 .debug_ranges  0x0000000000000048       0x40 ../base/gcc_startup_lpc8xx.o

.debug_line     0x0000000000000000      0x183
 .debug_line    0x0000000000000000      0x116 main.o
 .debug_line    0x0000000000000116       0x6d ../base/gcc_startup_lpc8xx.o

.debug_str      0x0000000000000000      0x4f4
 .debug_str     0x0000000000000000      0x41b main.o
                                        0x459 (size before relaxing)
 .debug_str     0x000000000000041b       0xd9 ../base/gcc_startup_lpc8xx.o
                                        0x14d (size before relaxing)

.comment        0x0000000000000000       0x70
 .comment       0x0000000000000000       0x70 main.o
                                         0x71 (size before relaxing)
 .comment       0x0000000000000000       0x71 ../base/gcc_startup_lpc8xx.o

.ARM.attributes
                0x0000000000000000       0x32
 .ARM.attributes
                0x0000000000000000       0x32 main.o
 .ARM.attributes
                0x0000000000000032       0x32 ../base/gcc_startup_lpc8xx.o

.debug_frame    0x0000000000000000       0xb0
 .debug_frame   0x0000000000000000       0x30 main.o
 .debug_frame   0x0000000000000030       0x80 ../base/gcc_startup_lpc8xx.o

.debug_loc      0x0000000000000000       0x13
 .debug_loc     0x0000000000000000       0x13 ../base/gcc_startup_lpc8xx.o

Cross Reference Table

Symbol                                            File
BOD_IRQHandler                                    ../base/gcc_startup_lpc8xx.o
CMP_IRQHandler                                    ../base/gcc_startup_lpc8xx.o
HardFault_Handler                                 ../base/gcc_startup_lpc8xx.o
I2C_IRQHandler                                    ../base/gcc_startup_lpc8xx.o
IntDefaultHandler                                 ../base/gcc_startup_lpc8xx.o
MRT_IRQHandler                                    ../base/gcc_startup_lpc8xx.o
NMI_Handler                                       ../base/gcc_startup_lpc8xx.o
PININT0_IRQHandler                                ../base/gcc_startup_lpc8xx.o
PININT1_IRQHandler                                ../base/gcc_startup_lpc8xx.o
PININT2_IRQHandler                                ../base/gcc_startup_lpc8xx.o
PININT3_IRQHandler                                ../base/gcc_startup_lpc8xx.o
PININT4_IRQHandler                                ../base/gcc_startup_lpc8xx.o
PININT5_IRQHandler                                ../base/gcc_startup_lpc8xx.o
PININT6_IRQHandler                                ../base/gcc_startup_lpc8xx.o
PININT7_IRQHandler                                ../base/gcc_startup_lpc8xx.o
PendSV_Handler                                    ../base/gcc_startup_lpc8xx.o
ResetISR                                          ../base/gcc_startup_lpc8xx.o
SCT_IRQHandler                                    ../base/gcc_startup_lpc8xx.o
SPI0_IRQHandler                                   ../base/gcc_startup_lpc8xx.o
SPI1_IRQHandler                                   ../base/gcc_startup_lpc8xx.o
SVC_Handler                                       ../base/gcc_startup_lpc8xx.o
SVCall_Handler                                    ../base/gcc_startup_lpc8xx.o
SysTick_Handler                                   main.o
SystemCoreClock                                   ../base/system_LPC8xx.o
SystemCoreClockUpdate                             ../base/system_LPC8xx.o
SystemInit                                        ../base/system_LPC8xx.o
UART0_IRQHandler                                  ../base/gcc_startup_lpc8xx.o
UART1_IRQHandler                                  ../base/gcc_startup_lpc8xx.o
UART2_IRQHandler                                  ../base/gcc_startup_lpc8xx.o
WDT_IRQHandler                                    ../base/gcc_startup_lpc8xx.o
WKT_IRQHandler                                    ../base/gcc_startup_lpc8xx.o
__aeabi_idiv0                                     /Users/jcw/Tools/gcc-arm-none-eabi-4_7-2013q3/bin/../lib/gcc/arm-none-eabi/4.7.4/armv6-m/libgcc.a(_dvmd_tls.o)
                                                  /Users/jcw/Tools/gcc-arm-none-eabi-4_7-2013q3/bin/../lib/gcc/arm-none-eabi/4.7.4/armv6-m/libgcc.a(_udivsi3.o)
__aeabi_ldiv0                                     /Users/jcw/Tools/gcc-arm-none-eabi-4_7-2013q3/bin/../lib/gcc/arm-none-eabi/4.7.4/armv6-m/libgcc.a(_dvmd_tls.o)
__aeabi_uidiv                                     /Users/jcw/Tools/gcc-arm-none-eabi-4_7-2013q3/bin/../lib/gcc/arm-none-eabi/4.7.4/armv6-m/libgcc.a(_udivsi3.o)
                                                  ../base/system_LPC8xx.o
__aeabi_uidivmod                                  /Users/jcw/Tools/gcc-arm-none-eabi-4_7-2013q3/bin/../lib/gcc/arm-none-eabi/4.7.4/armv6-m/libgcc.a(_udivsi3.o)
__udivsi3                                         /Users/jcw/Tools/gcc-arm-none-eabi-4_7-2013q3/bin/../lib/gcc/arm-none-eabi/4.7.4/armv6-m/libgcc.a(_udivsi3.o)
_bss                                              ../base/gcc_startup_lpc8xx.o
_data                                             ../base/gcc_startup_lpc8xx.o
_ebss                                             ../base/gcc_startup_lpc8xx.o
_edata                                            ../base/gcc_startup_lpc8xx.o
_etext                                            ../base/gcc_startup_lpc8xx.o
_vStackTop                                        ../base/gcc_startup_lpc8xx.o
g_pfnVectors                                      ../base/gcc_startup_lpc8xx.o
main                                              main.o
                                                  ../base/gcc_startup_lpc8xx.o
msTicks                                           main.o
