Archive member included because of file (symbol)

/Users/jcw/Tools/gcc-arm-none-eabi-4_7-2013q3/bin/../lib/gcc/arm-none-eabi/4.7.4/armv6-m/libgcc.a(_udivsi3.o)
                              ../base/uart.o (__aeabi_uidiv)
/Users/jcw/Tools/gcc-arm-none-eabi-4_7-2013q3/bin/../lib/gcc/arm-none-eabi/4.7.4/armv6-m/libgcc.a(_dvmd_tls.o)
                              /Users/jcw/Tools/gcc-arm-none-eabi-4_7-2013q3/bin/../lib/gcc/arm-none-eabi/4.7.4/armv6-m/libgcc.a(_udivsi3.o) (__aeabi_idiv0)

Allocating common symbols
Common symbol       size              file

msTicks             0x4               main.o

Discarded input sections

 .text          0x0000000000000000        0x0 main.o
 .data          0x0000000000000000        0x0 main.o
 .bss           0x0000000000000000        0x0 main.o
 .rodata        0x0000000000000000        0x4 main.o
 .text          0x0000000000000000        0x0 ../base/uart.o
 .data          0x0000000000000000        0x0 ../base/uart.o
 .bss           0x0000000000000000        0x0 ../base/uart.o
 .text.uart0Send
                0x0000000000000000       0x16 ../base/uart.o
 .text          0x0000000000000000        0x0 ../base/printf.o
 .data          0x0000000000000000        0x0 ../base/printf.o
 .bss           0x0000000000000000        0x0 ../base/printf.o
 .text.sprintf  0x0000000000000000       0x1c ../base/printf.o
 .text          0x0000000000000000        0x0 ../base/printf-retarget.o
 .data          0x0000000000000000        0x0 ../base/printf-retarget.o
 .bss           0x0000000000000000        0x0 ../base/printf-retarget.o
 .text.puts     0x0000000000000000       0x14 ../base/printf-retarget.o
 .text          0x0000000000000000        0x0 ../base/system_LPC8xx.o
 .data          0x0000000000000000        0x4 ../base/system_LPC8xx.o
 .bss           0x0000000000000000        0x0 ../base/system_LPC8xx.o
 .text.SystemCoreClockUpdate
                0x0000000000000000       0x84 ../base/system_LPC8xx.o
 .text.SystemInit
                0x0000000000000000       0x14 ../base/system_LPC8xx.o
 .rodata        0x0000000000000000       0x3c ../base/system_LPC8xx.o
 .debug_info    0x0000000000000000      0x47b ../base/system_LPC8xx.o
 .debug_abbrev  0x0000000000000000       0xc7 ../base/system_LPC8xx.o
 .debug_loc     0x0000000000000000       0x93 ../base/system_LPC8xx.o
 .debug_aranges
                0x0000000000000000       0x28 ../base/system_LPC8xx.o
 .debug_ranges  0x0000000000000000       0x18 ../base/system_LPC8xx.o
 .debug_line    0x0000000000000000      0x105 ../base/system_LPC8xx.o
 .debug_str     0x0000000000000000      0x36c ../base/system_LPC8xx.o
 .comment       0x0000000000000000       0x71 ../base/system_LPC8xx.o
 .ARM.attributes
                0x0000000000000000       0x32 ../base/system_LPC8xx.o
 .debug_frame   0x0000000000000000       0x3c ../base/system_LPC8xx.o
 .text          0x0000000000000000        0x0 ../base/gcc_startup_lpc8xx.o
 .data          0x0000000000000000        0x0 ../base/gcc_startup_lpc8xx.o
 .bss           0x0000000000000000        0x0 ../base/gcc_startup_lpc8xx.o
 .data          0x0000000000000000        0x0 /Users/jcw/Tools/gcc-arm-none-eabi-4_7-2013q3/bin/../lib/gcc/arm-none-eabi/4.7.4/armv6-m/libgcc.a(_udivsi3.o)
 .bss           0x0000000000000000        0x0 /Users/jcw/Tools/gcc-arm-none-eabi-4_7-2013q3/bin/../lib/gcc/arm-none-eabi/4.7.4/armv6-m/libgcc.a(_udivsi3.o)
 .data          0x0000000000000000        0x0 /Users/jcw/Tools/gcc-arm-none-eabi-4_7-2013q3/bin/../lib/gcc/arm-none-eabi/4.7.4/armv6-m/libgcc.a(_dvmd_tls.o)
 .bss           0x0000000000000000        0x0 /Users/jcw/Tools/gcc-arm-none-eabi-4_7-2013q3/bin/../lib/gcc/arm-none-eabi/4.7.4/armv6-m/libgcc.a(_dvmd_tls.o)

Memory Configuration

Name             Origin             Length             Attributes
FLASH            0x0000000000000000 0x0000000000004000 xr
RAM              0x0000000010000280 0x0000000000000d80 xrw
*default*        0x0000000000000000 0xffffffffffffffff

Linker script and memory map


.text           0x0000000000000000      0x584
 *(.isr_vector)
 .isr_vector    0x0000000000000000       0xc0 ../base/gcc_startup_lpc8xx.o
                0x0000000000000000                g_pfnVectors
 *(.after_vectors*)
 .after_vectors
                0x00000000000000c0       0x4c ../base/gcc_startup_lpc8xx.o
                0x00000000000000c0                NMI_Handler
                0x00000000000000c2                HardFault_Handler
                0x00000000000000c4                PendSV_Handler
                0x00000000000000c8                PININT7_IRQHandler
                0x00000000000000c8                WKT_IRQHandler
                0x00000000000000c8                PININT2_IRQHandler
                0x00000000000000c8                PININT1_IRQHandler
                0x00000000000000c8                MRT_IRQHandler
                0x00000000000000c8                UART1_IRQHandler
                0x00000000000000c8                UART0_IRQHandler
                0x00000000000000c8                SPI1_IRQHandler
                0x00000000000000c8                IntDefaultHandler
                0x00000000000000c8                PININT3_IRQHandler
                0x00000000000000c8                UART2_IRQHandler
                0x00000000000000c8                PININT5_IRQHandler
                0x00000000000000c8                PININT4_IRQHandler
                0x00000000000000c8                PININT0_IRQHandler
                0x00000000000000c8                BOD_IRQHandler
                0x00000000000000c8                SCT_IRQHandler
                0x00000000000000c8                I2C_IRQHandler
                0x00000000000000c8                WDT_IRQHandler
                0x00000000000000c8                PININT6_IRQHandler
                0x00000000000000c8                SPI0_IRQHandler
                0x00000000000000c8                CMP_IRQHandler
                0x00000000000000ca                ResetISR
                0x0000000000000108                SVCall_Handler
 *(.text*)
 .text.SysTick_Handler
                0x000000000000010c       0x10 main.o
                0x000000000000010c                SysTick_Handler
 .text.startup.main
                0x000000000000011c       0x98 main.o
                0x000000000000011c                main
 .text.uart0Init
                0x00000000000001b4       0x7c ../base/uart.o
                0x00000000000001b4                uart0Init
 .text.uart0SendChar
                0x0000000000000230       0x10 ../base/uart.o
                0x0000000000000230                uart0SendChar
 .text.printchar
                0x0000000000000240       0x1a ../base/printf.o
 .text.prints   0x000000000000025a       0x84 ../base/printf.o
 .text.printi   0x00000000000002de       0xaa ../base/printf.o
 .text.print    0x0000000000000388      0x118 ../base/printf.o
 .text.printf   0x00000000000004a0       0x1a ../base/printf.o
                0x00000000000004a0                printf
 .text.putchar  0x00000000000004ba       0x16 ../base/printf-retarget.o
                0x00000000000004ba                putchar
 .text          0x00000000000004d0       0x9c /Users/jcw/Tools/gcc-arm-none-eabi-4_7-2013q3/bin/../lib/gcc/arm-none-eabi/4.7.4/armv6-m/libgcc.a(_udivsi3.o)
                0x00000000000004d0                __udivsi3
                0x00000000000004d0                __aeabi_uidiv
                0x0000000000000558                __aeabi_uidivmod
 .text          0x000000000000056c        0x4 /Users/jcw/Tools/gcc-arm-none-eabi-4_7-2013q3/bin/../lib/gcc/arm-none-eabi/4.7.4/armv6-m/libgcc.a(_dvmd_tls.o)
                0x000000000000056c                __aeabi_ldiv0
                0x000000000000056c                __aeabi_idiv0
 *(.rodata .rodata.*)
 .rodata.str1.1
                0x0000000000000570        0xb main.o
 .rodata.str1.1
                0x000000000000057b        0x7 ../base/printf.o
                0x0000000000000584                . = ALIGN (0x4)
 *fill*         0x0000000000000582        0x2 00
                0x0000000000000584                _etext = .

.glue_7         0x0000000000000584        0x0
 .glue_7        0x0000000000000000        0x0 linker stubs

.glue_7t        0x0000000000000584        0x0
 .glue_7t       0x0000000000000000        0x0 linker stubs

.vfp11_veneer   0x0000000000000584        0x0
 .vfp11_veneer  0x0000000000000000        0x0 linker stubs

.v4_bx          0x0000000000000584        0x0
 .v4_bx         0x0000000000000000        0x0 linker stubs

.iplt           0x0000000000000584        0x0
 .iplt          0x0000000000000000        0x0 main.o

.rel.dyn        0x0000000000000584        0x0
 .rel.iplt      0x0000000000000000        0x0 main.o

.data           0x0000000010000280        0x0 load address 0x0000000000000584
                0x0000000010000280                _data = .
 *(vtable)
 *(.data*)
                0x0000000010000280                . = ALIGN (0x4)
                0x0000000010000280                _edata = .

.igot.plt       0x0000000010000280        0x0 load address 0x0000000000000584
 .igot.plt      0x0000000000000000        0x0 main.o

.bss            0x0000000010000280        0x4 load address 0x0000000000000584
                0x0000000010000280                _bss = .
 *(.bss*)
 *(COMMON)
 COMMON         0x0000000010000280        0x4 main.o
                0x0000000010000280                msTicks
                0x0000000010000284                . = ALIGN (0x4)
                0x0000000010000284                _ebss = .
                0x0000000010000284                PROVIDE (end, .)
                0x0000000010000284                PROVIDE (_pvHeapStart, .)
                0x0000000010001000                PROVIDE (_vStackTop, (ORIGIN (RAM) + 0xd80))
LOAD main.o
LOAD ../base/uart.o
LOAD ../base/printf.o
LOAD ../base/printf-retarget.o
LOAD ../base/system_LPC8xx.o
LOAD ../base/gcc_startup_lpc8xx.o
LOAD /Users/jcw/Tools/gcc-arm-none-eabi-4_7-2013q3/bin/../lib/gcc/arm-none-eabi/4.7.4/armv6-m/libgcc.a
OUTPUT(firmware.elf elf32-littlearm)

.debug_info     0x0000000000000000     0x18ab
 .debug_info    0x0000000000000000      0xb5a main.o
 .debug_info    0x0000000000000b5a      0x597 ../base/uart.o
 .debug_info    0x00000000000010f1      0x4db ../base/printf.o
 .debug_info    0x00000000000015cc      0x11b ../base/printf-retarget.o
 .debug_info    0x00000000000016e7      0x1c4 ../base/gcc_startup_lpc8xx.o

.debug_abbrev   0x0000000000000000      0x77d
 .debug_abbrev  0x0000000000000000      0x277 main.o
 .debug_abbrev  0x0000000000000277      0x149 ../base/uart.o
 .debug_abbrev  0x00000000000003c0      0x1d9 ../base/printf.o
 .debug_abbrev  0x0000000000000599       0xc8 ../base/printf-retarget.o
 .debug_abbrev  0x0000000000000661      0x11c ../base/gcc_startup_lpc8xx.o

.debug_loc      0x0000000000000000      0x84a
 .debug_loc     0x0000000000000000       0x20 main.o
 .debug_loc     0x0000000000000020       0xa8 ../base/uart.o
 .debug_loc     0x00000000000000c8      0x6f0 ../base/printf.o
 .debug_loc     0x00000000000007b8       0x7f ../base/printf-retarget.o
 .debug_loc     0x0000000000000837       0x13 ../base/gcc_startup_lpc8xx.o

.debug_aranges  0x0000000000000000      0x118
 .debug_aranges
                0x0000000000000000       0x28 main.o
 .debug_aranges
                0x0000000000000028       0x30 ../base/uart.o
 .debug_aranges
                0x0000000000000058       0x48 ../base/printf.o
 .debug_aranges
                0x00000000000000a0       0x28 ../base/printf-retarget.o
 .debug_aranges
                0x00000000000000c8       0x50 ../base/gcc_startup_lpc8xx.o

.debug_ranges   0x0000000000000000      0x118
 .debug_ranges  0x0000000000000000       0x68 main.o
 .debug_ranges  0x0000000000000068       0x20 ../base/uart.o
 .debug_ranges  0x0000000000000088       0x38 ../base/printf.o
 .debug_ranges  0x00000000000000c0       0x18 ../base/printf-retarget.o
 .debug_ranges  0x00000000000000d8       0x40 ../base/gcc_startup_lpc8xx.o

.debug_line     0x0000000000000000      0x564
 .debug_line    0x0000000000000000      0x13b main.o
 .debug_line    0x000000000000013b      0x11c ../base/uart.o
 .debug_line    0x0000000000000257      0x22c ../base/printf.o
 .debug_line    0x0000000000000483       0x74 ../base/printf-retarget.o
 .debug_line    0x00000000000004f7       0x6d ../base/gcc_startup_lpc8xx.o

.debug_str      0x0000000000000000      0x861
 .debug_str     0x0000000000000000      0x67f main.o
                                        0x6ce (size before relaxing)
 .debug_str     0x000000000000067f       0x84 ../base/uart.o
                                        0x3b8 (size before relaxing)
 .debug_str     0x0000000000000703       0x90 ../base/printf.o
                                        0x12c (size before relaxing)
 .debug_str     0x0000000000000793       0x1f ../base/printf-retarget.o
                                        0x139 (size before relaxing)
 .debug_str     0x00000000000007b2       0xaf ../base/gcc_startup_lpc8xx.o
                                        0x14c (size before relaxing)

.comment        0x0000000000000000       0x70
 .comment       0x0000000000000000       0x70 main.o
                                         0x71 (size before relaxing)
 .comment       0x0000000000000000       0x71 ../base/uart.o
 .comment       0x0000000000000000       0x71 ../base/printf.o
 .comment       0x0000000000000000       0x71 ../base/printf-retarget.o
 .comment       0x0000000000000000       0x71 ../base/gcc_startup_lpc8xx.o

.ARM.attributes
                0x0000000000000000       0x32
 .ARM.attributes
                0x0000000000000000       0x32 main.o
 .ARM.attributes
                0x0000000000000032       0x32 ../base/uart.o
 .ARM.attributes
                0x0000000000000064       0x32 ../base/printf.o
 .ARM.attributes
                0x0000000000000096       0x32 ../base/printf-retarget.o
 .ARM.attributes
                0x00000000000000c8       0x32 ../base/gcc_startup_lpc8xx.o
 .ARM.attributes
                0x00000000000000fa       0x1e /Users/jcw/Tools/gcc-arm-none-eabi-4_7-2013q3/bin/../lib/gcc/arm-none-eabi/4.7.4/armv6-m/libgcc.a(_udivsi3.o)
 .ARM.attributes
                0x0000000000000118       0x1e /Users/jcw/Tools/gcc-arm-none-eabi-4_7-2013q3/bin/../lib/gcc/arm-none-eabi/4.7.4/armv6-m/libgcc.a(_dvmd_tls.o)

.debug_frame    0x0000000000000000      0x244
 .debug_frame   0x0000000000000000       0x38 main.o
 .debug_frame   0x0000000000000038       0x60 ../base/uart.o
 .debug_frame   0x0000000000000098       0xcc ../base/printf.o
 .debug_frame   0x0000000000000164       0x40 ../base/printf-retarget.o
 .debug_frame   0x00000000000001a4       0x80 ../base/gcc_startup_lpc8xx.o
 .debug_frame   0x0000000000000224       0x20 /Users/jcw/Tools/gcc-arm-none-eabi-4_7-2013q3/bin/../lib/gcc/arm-none-eabi/4.7.4/armv6-m/libgcc.a(_udivsi3.o)

Cross Reference Table

Symbol                                            File
BOD_IRQHandler                                    ../base/gcc_startup_lpc8xx.o
CMP_IRQHandler                                    ../base/gcc_startup_lpc8xx.o
HardFault_Handler                                 ../base/gcc_startup_lpc8xx.o
I2C_IRQHandler                                    ../base/gcc_startup_lpc8xx.o
IntDefaultHandler                                 ../base/gcc_startup_lpc8xx.o
MRT_IRQHandler                                    ../base/gcc_startup_lpc8xx.o
NMI_Handler                                       ../base/gcc_startup_lpc8xx.o
PININT0_IRQHandler                                ../base/gcc_startup_lpc8xx.o
PININT1_IRQHandler                                ../base/gcc_startup_lpc8xx.o
PININT2_IRQHandler                                ../base/gcc_startup_lpc8xx.o
PININT3_IRQHandler                                ../base/gcc_startup_lpc8xx.o
PININT4_IRQHandler                                ../base/gcc_startup_lpc8xx.o
PININT5_IRQHandler                                ../base/gcc_startup_lpc8xx.o
PININT6_IRQHandler                                ../base/gcc_startup_lpc8xx.o
PININT7_IRQHandler                                ../base/gcc_startup_lpc8xx.o
PendSV_Handler                                    ../base/gcc_startup_lpc8xx.o
ResetISR                                          ../base/gcc_startup_lpc8xx.o
SCT_IRQHandler                                    ../base/gcc_startup_lpc8xx.o
SPI0_IRQHandler                                   ../base/gcc_startup_lpc8xx.o
SPI1_IRQHandler                                   ../base/gcc_startup_lpc8xx.o
SVC_Handler                                       ../base/gcc_startup_lpc8xx.o
SVCall_Handler                                    ../base/gcc_startup_lpc8xx.o
SysTick_Handler                                   main.o
SystemCoreClock                                   ../base/system_LPC8xx.o
SystemCoreClockUpdate                             ../base/system_LPC8xx.o
SystemInit                                        ../base/system_LPC8xx.o
UART0_IRQHandler                                  ../base/gcc_startup_lpc8xx.o
UART1_IRQHandler                                  ../base/gcc_startup_lpc8xx.o
UART2_IRQHandler                                  ../base/gcc_startup_lpc8xx.o
WDT_IRQHandler                                    ../base/gcc_startup_lpc8xx.o
WKT_IRQHandler                                    ../base/gcc_startup_lpc8xx.o
__aeabi_idiv0                                     /Users/jcw/Tools/gcc-arm-none-eabi-4_7-2013q3/bin/../lib/gcc/arm-none-eabi/4.7.4/armv6-m/libgcc.a(_dvmd_tls.o)
                                                  /Users/jcw/Tools/gcc-arm-none-eabi-4_7-2013q3/bin/../lib/gcc/arm-none-eabi/4.7.4/armv6-m/libgcc.a(_udivsi3.o)
__aeabi_ldiv0                                     /Users/jcw/Tools/gcc-arm-none-eabi-4_7-2013q3/bin/../lib/gcc/arm-none-eabi/4.7.4/armv6-m/libgcc.a(_dvmd_tls.o)
__aeabi_uidiv                                     /Users/jcw/Tools/gcc-arm-none-eabi-4_7-2013q3/bin/../lib/gcc/arm-none-eabi/4.7.4/armv6-m/libgcc.a(_udivsi3.o)
                                                  ../base/system_LPC8xx.o
                                                  ../base/printf.o
                                                  ../base/uart.o
__aeabi_uidivmod                                  /Users/jcw/Tools/gcc-arm-none-eabi-4_7-2013q3/bin/../lib/gcc/arm-none-eabi/4.7.4/armv6-m/libgcc.a(_udivsi3.o)
                                                  ../base/printf.o
__udivsi3                                         /Users/jcw/Tools/gcc-arm-none-eabi-4_7-2013q3/bin/../lib/gcc/arm-none-eabi/4.7.4/armv6-m/libgcc.a(_udivsi3.o)
_bss                                              ../base/gcc_startup_lpc8xx.o
_data                                             ../base/gcc_startup_lpc8xx.o
_ebss                                             ../base/gcc_startup_lpc8xx.o
_edata                                            ../base/gcc_startup_lpc8xx.o
_etext                                            ../base/gcc_startup_lpc8xx.o
_vStackTop                                        ../base/gcc_startup_lpc8xx.o
g_pfnVectors                                      ../base/gcc_startup_lpc8xx.o
ledPin                                            main.o
main                                              main.o
                                                  ../base/gcc_startup_lpc8xx.o
msTicks                                           main.o
printf                                            ../base/printf.o
                                                  main.o
putchar                                           ../base/printf-retarget.o
                                                  ../base/printf.o
puts                                              ../base/printf-retarget.o
sprintf                                           ../base/printf.o
uart0Init                                         ../base/uart.o
                                                  main.o
uart0Send                                         ../base/uart.o
uart0SendChar                                     ../base/uart.o
                                                  ../base/printf-retarget.o
