Archive member included because of file (symbol)

/Users/jcw/Tools/gcc-arm-none-eabi-4_7-2013q3/bin/../lib/gcc/arm-none-eabi/4.7.4/armv6-m/libgcc.a(_udivsi3.o)
                              rf69_12.o (__aeabi_uidiv)
/Users/jcw/Tools/gcc-arm-none-eabi-4_7-2013q3/bin/../lib/gcc/arm-none-eabi/4.7.4/armv6-m/libgcc.a(_dvmd_tls.o)
                              /Users/jcw/Tools/gcc-arm-none-eabi-4_7-2013q3/bin/../lib/gcc/arm-none-eabi/4.7.4/armv6-m/libgcc.a(_udivsi3.o) (__aeabi_idiv0)

Allocating common symbols
Common symbol       size              file

j                   0x4               ../base/iap_driver.o
rf12_buf            0x47              rf69_12.o
backOffCounter      0x4               main.o
rf12_crc            0x2               rf69_12.o
config              0x20              main.o

Discarded input sections

 .text          0x0000000000000000        0x0 main.o
 .data          0x0000000000000000        0x0 main.o
 .text          0x0000000000000000        0x0 rf69_12.o
 .data          0x0000000000000000        0x0 rf69_12.o
 .text.rf12_sendWait
                0x0000000000000000       0x18 rf69_12.o
 .text          0x0000000000000000        0x0 ../base/spi.o
 .data          0x0000000000000000        0x0 ../base/spi.o
 .bss           0x0000000000000000        0x0 ../base/spi.o
 .text.spiInit  0x0000000000000000       0x3c ../base/spi.o
 .text.spiTransfer
                0x0000000000000000       0x1c ../base/spi.o
 .debug_info    0x0000000000000000      0x534 ../base/spi.o
 .debug_abbrev  0x0000000000000000       0xec ../base/spi.o
 .debug_loc     0x0000000000000000       0x21 ../base/spi.o
 .debug_aranges
                0x0000000000000000       0x28 ../base/spi.o
 .debug_ranges  0x0000000000000000       0x18 ../base/spi.o
 .debug_line    0x0000000000000000       0xee ../base/spi.o
 .debug_str     0x0000000000000000      0x393 ../base/spi.o
 .comment       0x0000000000000000       0x71 ../base/spi.o
 .ARM.attributes
                0x0000000000000000       0x32 ../base/spi.o
 .debug_frame   0x0000000000000000       0x30 ../base/spi.o
 .text          0x0000000000000000        0x0 ../base/uart.o
 .data          0x0000000000000000        0x0 ../base/uart.o
 .bss           0x0000000000000000        0x0 ../base/uart.o
 .text.uart0Send
                0x0000000000000000       0x16 ../base/uart.o
 .text          0x0000000000000000        0x0 ../base/printf.o
 .data          0x0000000000000000        0x0 ../base/printf.o
 .bss           0x0000000000000000        0x0 ../base/printf.o
 .text.sprintf  0x0000000000000000       0x1c ../base/printf.o
 .text          0x0000000000000000        0x0 ../base/printf-retarget.o
 .data          0x0000000000000000        0x0 ../base/printf-retarget.o
 .bss           0x0000000000000000        0x0 ../base/printf-retarget.o
 .text.puts     0x0000000000000000       0x14 ../base/printf-retarget.o
 .text          0x0000000000000000        0x0 ../base/iap_driver.o
 .data          0x0000000000000000        0x0 ../base/iap_driver.o
 .text.iap_init
                0x0000000000000000        0xa ../base/iap_driver.o
 .text.iap_erase_sector
                0x0000000000000000       0x30 ../base/iap_driver.o
 .text.iap_read_bootcode_rev
                0x0000000000000000       0x38 ../base/iap_driver.o
 COMMON         0x0000000000000000        0x4 ../base/iap_driver.o
 .text          0x0000000000000000        0x0 ../base/system_LPC8xx.o
 .data          0x0000000000000000        0x4 ../base/system_LPC8xx.o
 .bss           0x0000000000000000        0x0 ../base/system_LPC8xx.o
 .text.SystemCoreClockUpdate
                0x0000000000000000       0x84 ../base/system_LPC8xx.o
 .text.SystemInit
                0x0000000000000000       0x14 ../base/system_LPC8xx.o
 .rodata        0x0000000000000000       0x3c ../base/system_LPC8xx.o
 .debug_info    0x0000000000000000      0x47b ../base/system_LPC8xx.o
 .debug_abbrev  0x0000000000000000       0xc7 ../base/system_LPC8xx.o
 .debug_loc     0x0000000000000000       0x93 ../base/system_LPC8xx.o
 .debug_aranges
                0x0000000000000000       0x28 ../base/system_LPC8xx.o
 .debug_ranges  0x0000000000000000       0x18 ../base/system_LPC8xx.o
 .debug_line    0x0000000000000000      0x105 ../base/system_LPC8xx.o
 .debug_str     0x0000000000000000      0x369 ../base/system_LPC8xx.o
 .comment       0x0000000000000000       0x71 ../base/system_LPC8xx.o
 .ARM.attributes
                0x0000000000000000       0x32 ../base/system_LPC8xx.o
 .debug_frame   0x0000000000000000       0x3c ../base/system_LPC8xx.o
 .text          0x0000000000000000        0x0 ../base/gcc_startup_lpc8xx.o
 .data          0x0000000000000000        0x0 ../base/gcc_startup_lpc8xx.o
 .bss           0x0000000000000000        0x0 ../base/gcc_startup_lpc8xx.o
 .data          0x0000000000000000        0x0 /Users/jcw/Tools/gcc-arm-none-eabi-4_7-2013q3/bin/../lib/gcc/arm-none-eabi/4.7.4/armv6-m/libgcc.a(_udivsi3.o)
 .bss           0x0000000000000000        0x0 /Users/jcw/Tools/gcc-arm-none-eabi-4_7-2013q3/bin/../lib/gcc/arm-none-eabi/4.7.4/armv6-m/libgcc.a(_udivsi3.o)
 .data          0x0000000000000000        0x0 /Users/jcw/Tools/gcc-arm-none-eabi-4_7-2013q3/bin/../lib/gcc/arm-none-eabi/4.7.4/armv6-m/libgcc.a(_dvmd_tls.o)
 .bss           0x0000000000000000        0x0 /Users/jcw/Tools/gcc-arm-none-eabi-4_7-2013q3/bin/../lib/gcc/arm-none-eabi/4.7.4/armv6-m/libgcc.a(_dvmd_tls.o)

Memory Configuration

Name             Origin             Length             Attributes
FLASH            0x0000000000000000 0x0000000000004000 xr
RAM              0x0000000010000280 0x0000000000000d80 xrw
*default*        0x0000000000000000 0xffffffffffffffff

Linker script and memory map


.text           0x0000000000000000      0xe2c
 *(.isr_vector)
 .isr_vector    0x0000000000000000       0x40 ../base/gcc_startup_lpc8xx.o
                0x0000000000000000                g_pfnVectors
 *(.after_vectors*)
 .after_vectors
                0x0000000000000040       0x5c ../base/gcc_startup_lpc8xx.o
                0x0000000000000040                NMI_Handler
                0x0000000000000042                HardFault_Handler
                0x0000000000000044                PendSV_Handler
                0x0000000000000048                ResetISR
                0x0000000000000088                SVCall_Handler
                0x000000000000008a                WKT_Handler
                0x000000000000008c                PININT1_IRQHandler
                0x000000000000008c                PININT2_IRQHandler
                0x000000000000008c                PININT7_IRQHandler
                0x000000000000008c                MRT_IRQHandler
                0x000000000000008c                UART1_IRQHandler
                0x000000000000008c                UART0_IRQHandler
                0x000000000000008c                SPI1_IRQHandler
                0x000000000000008c                IntDefaultHandler
                0x000000000000008c                PININT3_IRQHandler
                0x000000000000008c                UART2_IRQHandler
                0x000000000000008c                PININT5_IRQHandler
                0x000000000000008c                PININT4_IRQHandler
                0x000000000000008c                PININT0_IRQHandler
                0x000000000000008c                BOD_IRQHandler
                0x000000000000008c                SCT_IRQHandler
                0x000000000000008c                I2C_IRQHandler
                0x000000000000008c                WDT_IRQHandler
                0x000000000000008c                PININT6_IRQHandler
                0x000000000000008c                SPI0_IRQHandler
                0x000000000000008c                CMP_IRQHandler
 *(.text*)
 .text.memcpy   0x000000000000009c       0x14 main.o
 .text.exponentialBackOff
                0x00000000000000b0       0x38 main.o
 .text.calcCRC  0x00000000000000e8       0x30 main.o
 .text.appIsValid
                0x0000000000000118       0x20 main.o
 .text.copyPageToFlash
                0x0000000000000138       0x58 main.o
 .text.saveConfig
                0x0000000000000190       0x30 main.o
 .text.sendRequest
                0x00000000000001c0       0x58 main.o
 .text.SysTick_Handler
                0x0000000000000218       0x10 main.o
                0x0000000000000218                SysTick_Handler
 .text.startup.main
                0x0000000000000228      0x2e4 main.o
                0x0000000000000228                main
 .text.spiTransfer
                0x000000000000050c       0x1c rf69_12.o
 .text.setMode  0x0000000000000528       0x20 rf69_12.o
 .text._crc16_update
                0x0000000000000548       0x34 rf69_12.o
                0x0000000000000548                _crc16_update
 .text.rf12_initialize
                0x000000000000057c      0x104 rf69_12.o
                0x000000000000057c                rf12_initialize
 .text.rf12_recvDone
                0x0000000000000680      0x12c rf69_12.o
                0x0000000000000680                rf12_recvDone
 .text.rf12_canSend
                0x00000000000007ac       0x24 rf69_12.o
                0x00000000000007ac                rf12_canSend
 .text.rf12_sendStart
                0x00000000000007d0       0x5c rf69_12.o
                0x00000000000007d0                rf12_sendStart
 .text.rf12_sendNow
                0x000000000000082c       0x22 rf69_12.o
                0x000000000000082c                rf12_sendNow
 *fill*         0x000000000000084e        0x2 00
 .text.uart0Init
                0x0000000000000850       0x7c ../base/uart.o
                0x0000000000000850                uart0Init
 .text.uart0SendChar
                0x00000000000008cc       0x10 ../base/uart.o
                0x00000000000008cc                uart0SendChar
 .text.printchar
                0x00000000000008dc       0x1a ../base/printf.o
 .text.prints   0x00000000000008f6       0x84 ../base/printf.o
 .text.printi   0x000000000000097a       0xaa ../base/printf.o
 .text.print    0x0000000000000a24      0x118 ../base/printf.o
 .text.printf   0x0000000000000b3c       0x1a ../base/printf.o
                0x0000000000000b3c                printf
 .text.putchar  0x0000000000000b56       0x16 ../base/printf-retarget.o
                0x0000000000000b56                putchar
 .text.iap_erase_page
                0x0000000000000b6c       0x30 ../base/iap_driver.o
                0x0000000000000b6c                iap_erase_page
 .text.iap_prepare_sector
                0x0000000000000b9c       0x28 ../base/iap_driver.o
                0x0000000000000b9c                iap_prepare_sector
 .text.iap_copy_ram_to_flash
                0x0000000000000bc4       0x30 ../base/iap_driver.o
                0x0000000000000bc4                iap_copy_ram_to_flash
 .text.iap_read_part_id
                0x0000000000000bf4       0x28 ../base/iap_driver.o
                0x0000000000000bf4                iap_read_part_id
 .text.iap_read_unique_id
                0x0000000000000c1c       0x34 ../base/iap_driver.o
                0x0000000000000c1c                iap_read_unique_id
 .text          0x0000000000000c50       0x9c /Users/jcw/Tools/gcc-arm-none-eabi-4_7-2013q3/bin/../lib/gcc/arm-none-eabi/4.7.4/armv6-m/libgcc.a(_udivsi3.o)
                0x0000000000000c50                __udivsi3
                0x0000000000000c50                __aeabi_uidiv
                0x0000000000000cd8                __aeabi_uidivmod
 .text          0x0000000000000cec        0x4 /Users/jcw/Tools/gcc-arm-none-eabi-4_7-2013q3/bin/../lib/gcc/arm-none-eabi/4.7.4/armv6-m/libgcc.a(_dvmd_tls.o)
                0x0000000000000cec                __aeabi_ldiv0
                0x0000000000000cec                __aeabi_idiv0
 *(.rodata .rodata.*)
 .rodata.str1.1
                0x0000000000000cf0       0xe8 main.o
                                         0xf2 (size before relaxing)
 .rodata        0x0000000000000dd8       0x4c rf69_12.o
 .rodata.str1.1
                0x0000000000000e24        0x7 ../base/printf.o
                0x0000000000000e2c                . = ALIGN (0x4)
 *fill*         0x0000000000000e2b        0x1 00
                0x0000000000000e2c                _etext = .

.glue_7         0x0000000000000e2c        0x0
 .glue_7        0x0000000000000000        0x0 linker stubs

.glue_7t        0x0000000000000e2c        0x0
 .glue_7t       0x0000000000000000        0x0 linker stubs

.vfp11_veneer   0x0000000000000e2c        0x0
 .vfp11_veneer  0x0000000000000000        0x0 linker stubs

.v4_bx          0x0000000000000e2c        0x0
 .v4_bx         0x0000000000000000        0x0 linker stubs

.iplt           0x0000000000000e2c        0x0
 .iplt          0x0000000000000000        0x0 main.o

.rel.dyn        0x0000000000000e2c        0x0
 .rel.iplt      0x0000000000000000        0x0 main.o

.data           0x0000000010000280        0x0 load address 0x0000000000000e2c
                0x0000000010000280                _data = .
 *(vtable)
 *(.data*)
                0x0000000010000280                . = ALIGN (0x4)
                0x0000000010000280                _edata = .

.igot.plt       0x0000000010000280        0x0 load address 0x0000000000000e2c
 .igot.plt      0x0000000000000000        0x0 main.o

.bss            0x0000000010000280       0xa0 load address 0x0000000000000e2c
                0x0000000010000280                _bss = .
 *(.bss*)
 .bss           0x0000000010000280        0x4 main.o
 .bss           0x0000000010000284        0x4 rf69_12.o
 .bss           0x0000000010000288       0x28 ../base/iap_driver.o
 *(COMMON)
 COMMON         0x00000000100002b0       0x24 main.o
                0x00000000100002b0                backOffCounter
                0x00000000100002b4                config
 COMMON         0x00000000100002d4       0x4a rf69_12.o
                0x00000000100002d4                rf12_buf
                0x000000001000031c                rf12_crc
                0x0000000010000320                . = ALIGN (0x4)
 *fill*         0x000000001000031e        0x2 00
                0x0000000010000320                _ebss = .
                0x0000000010000320                PROVIDE (end, .)
                0x0000000010000320                PROVIDE (_pvHeapStart, .)
                0x0000000010001000                PROVIDE (_vStackTop, (ORIGIN (RAM) + 0xd80))
LOAD main.o
LOAD rf69_12.o
LOAD ../base/spi.o
LOAD ../base/uart.o
LOAD ../base/printf.o
LOAD ../base/printf-retarget.o
LOAD ../base/iap_driver.o
LOAD ../base/system_LPC8xx.o
LOAD ../base/gcc_startup_lpc8xx.o
LOAD /Users/jcw/Tools/gcc-arm-none-eabi-4_7-2013q3/bin/../lib/gcc/arm-none-eabi/4.7.4/armv6-m/libgcc.a
OUTPUT(firmware.elf elf32-littlearm)

.debug_info     0x0000000000000000     0x383b
 .debug_info    0x0000000000000000     0x177a main.o
 .debug_info    0x000000000000177a      0xc9e rf69_12.o
 .debug_info    0x0000000000002418      0x597 ../base/uart.o
 .debug_info    0x00000000000029af      0x4db ../base/printf.o
 .debug_info    0x0000000000002e8a      0x11b ../base/printf-retarget.o
 .debug_info    0x0000000000002fa5      0x4d6 ../base/iap_driver.o
 .debug_info    0x000000000000347b      0x3c0 ../base/gcc_startup_lpc8xx.o

.debug_abbrev   0x0000000000000000      0xe30
 .debug_abbrev  0x0000000000000000      0x464 main.o
 .debug_abbrev  0x0000000000000464      0x2ec rf69_12.o
 .debug_abbrev  0x0000000000000750      0x149 ../base/uart.o
 .debug_abbrev  0x0000000000000899      0x1d9 ../base/printf.o
 .debug_abbrev  0x0000000000000a72       0xc8 ../base/printf-retarget.o
 .debug_abbrev  0x0000000000000b3a      0x185 ../base/iap_driver.o
 .debug_abbrev  0x0000000000000cbf      0x171 ../base/gcc_startup_lpc8xx.o

.debug_loc      0x0000000000000000     0x15a0
 .debug_loc     0x0000000000000000      0x53f main.o
 .debug_loc     0x000000000000053f      0x4ce rf69_12.o
 .debug_loc     0x0000000000000a0d       0xa8 ../base/uart.o
 .debug_loc     0x0000000000000ab5      0x6f0 ../base/printf.o
 .debug_loc     0x00000000000011a5       0x7f ../base/printf-retarget.o
 .debug_loc     0x0000000000001224      0x369 ../base/iap_driver.o
 .debug_loc     0x000000000000158d       0x13 ../base/gcc_startup_lpc8xx.o

.debug_aranges  0x0000000000000000      0x210
 .debug_aranges
                0x0000000000000000       0x60 main.o
 .debug_aranges
                0x0000000000000060       0x60 rf69_12.o
 .debug_aranges
                0x00000000000000c0       0x30 ../base/uart.o
 .debug_aranges
                0x00000000000000f0       0x48 ../base/printf.o
 .debug_aranges
                0x0000000000000138       0x28 ../base/printf-retarget.o
 .debug_aranges
                0x0000000000000160       0x58 ../base/iap_driver.o
 .debug_aranges
                0x00000000000001b8       0x58 ../base/gcc_startup_lpc8xx.o

.debug_ranges   0x0000000000000000      0x420
 .debug_ranges  0x0000000000000000      0x220 main.o
 .debug_ranges  0x0000000000000220      0x100 rf69_12.o
 .debug_ranges  0x0000000000000320       0x20 ../base/uart.o
 .debug_ranges  0x0000000000000340       0x38 ../base/printf.o
 .debug_ranges  0x0000000000000378       0x18 ../base/printf-retarget.o
 .debug_ranges  0x0000000000000390       0x48 ../base/iap_driver.o
 .debug_ranges  0x00000000000003d8       0x48 ../base/gcc_startup_lpc8xx.o

.debug_line     0x0000000000000000      0xd09
 .debug_line    0x0000000000000000      0x31d main.o
 .debug_line    0x000000000000031d      0x300 rf69_12.o
 .debug_line    0x000000000000061d      0x11c ../base/uart.o
 .debug_line    0x0000000000000739      0x22c ../base/printf.o
 .debug_line    0x0000000000000965       0x74 ../base/printf-retarget.o
 .debug_line    0x00000000000009d9      0x234 ../base/iap_driver.o
 .debug_line    0x0000000000000c0d       0xfc ../base/gcc_startup_lpc8xx.o

.debug_str      0x0000000000000000      0xd32
 .debug_str     0x0000000000000000      0x8c4 main.o
                                        0x92f (size before relaxing)
 .debug_str     0x00000000000008c4      0x128 rf69_12.o
                                        0x4b8 (size before relaxing)
 .debug_str     0x00000000000009ec       0x6a ../base/uart.o
                                        0x3b5 (size before relaxing)
 .debug_str     0x0000000000000a56       0x90 ../base/printf.o
                                        0x129 (size before relaxing)
 .debug_str     0x0000000000000ae6       0x1f ../base/printf-retarget.o
                                        0x136 (size before relaxing)
 .debug_str     0x0000000000000b05      0x116 ../base/iap_driver.o
                                        0x29e (size before relaxing)
 .debug_str     0x0000000000000c1b      0x117 ../base/gcc_startup_lpc8xx.o
                                        0x271 (size before relaxing)

.comment        0x0000000000000000       0x70
 .comment       0x0000000000000000       0x70 main.o
                                         0x71 (size before relaxing)
 .comment       0x0000000000000000       0x71 rf69_12.o
 .comment       0x0000000000000000       0x71 ../base/uart.o
 .comment       0x0000000000000000       0x71 ../base/printf.o
 .comment       0x0000000000000000       0x71 ../base/printf-retarget.o
 .comment       0x0000000000000000       0x71 ../base/iap_driver.o
 .comment       0x0000000000000000       0x71 ../base/gcc_startup_lpc8xx.o

.ARM.attributes
                0x0000000000000000       0x32
 .ARM.attributes
                0x0000000000000000       0x32 main.o
 .ARM.attributes
                0x0000000000000032       0x32 rf69_12.o
 .ARM.attributes
                0x0000000000000064       0x32 ../base/uart.o
 .ARM.attributes
                0x0000000000000096       0x32 ../base/printf.o
 .ARM.attributes
                0x00000000000000c8       0x32 ../base/printf-retarget.o
 .ARM.attributes
                0x00000000000000fa       0x32 ../base/iap_driver.o
 .ARM.attributes
                0x000000000000012c       0x32 ../base/gcc_startup_lpc8xx.o
 .ARM.attributes
                0x000000000000015e       0x1e /Users/jcw/Tools/gcc-arm-none-eabi-4_7-2013q3/bin/../lib/gcc/arm-none-eabi/4.7.4/armv6-m/libgcc.a(_udivsi3.o)
 .ARM.attributes
                0x000000000000017c       0x1e /Users/jcw/Tools/gcc-arm-none-eabi-4_7-2013q3/bin/../lib/gcc/arm-none-eabi/4.7.4/armv6-m/libgcc.a(_dvmd_tls.o)

.debug_frame    0x0000000000000000      0x4f8
 .debug_frame   0x0000000000000000      0x108 main.o
 .debug_frame   0x0000000000000108       0xf8 rf69_12.o
 .debug_frame   0x0000000000000200       0x60 ../base/uart.o
 .debug_frame   0x0000000000000260       0xcc ../base/printf.o
 .debug_frame   0x000000000000032c       0x40 ../base/printf-retarget.o
 .debug_frame   0x000000000000036c       0xdc ../base/iap_driver.o
 .debug_frame   0x0000000000000448       0x90 ../base/gcc_startup_lpc8xx.o
 .debug_frame   0x00000000000004d8       0x20 /Users/jcw/Tools/gcc-arm-none-eabi-4_7-2013q3/bin/../lib/gcc/arm-none-eabi/4.7.4/armv6-m/libgcc.a(_udivsi3.o)

Cross Reference Table

Symbol                                            File
BOD_IRQHandler                                    ../base/gcc_startup_lpc8xx.o
CMP_IRQHandler                                    ../base/gcc_startup_lpc8xx.o
HardFault_Handler                                 ../base/gcc_startup_lpc8xx.o
I2C_IRQHandler                                    ../base/gcc_startup_lpc8xx.o
IntDefaultHandler                                 ../base/gcc_startup_lpc8xx.o
MRT_IRQHandler                                    ../base/gcc_startup_lpc8xx.o
NMI_Handler                                       ../base/gcc_startup_lpc8xx.o
PININT0_IRQHandler                                ../base/gcc_startup_lpc8xx.o
PININT1_IRQHandler                                ../base/gcc_startup_lpc8xx.o
PININT2_IRQHandler                                ../base/gcc_startup_lpc8xx.o
PININT3_IRQHandler                                ../base/gcc_startup_lpc8xx.o
PININT4_IRQHandler                                ../base/gcc_startup_lpc8xx.o
PININT5_IRQHandler                                ../base/gcc_startup_lpc8xx.o
PININT6_IRQHandler                                ../base/gcc_startup_lpc8xx.o
PININT7_IRQHandler                                ../base/gcc_startup_lpc8xx.o
PendSV_Handler                                    ../base/gcc_startup_lpc8xx.o
ResetISR                                          ../base/gcc_startup_lpc8xx.o
SCT_IRQHandler                                    ../base/gcc_startup_lpc8xx.o
SPI0_IRQHandler                                   ../base/gcc_startup_lpc8xx.o
SPI1_IRQHandler                                   ../base/gcc_startup_lpc8xx.o
SVC_Handler                                       ../base/gcc_startup_lpc8xx.o
SVCall_Handler                                    ../base/gcc_startup_lpc8xx.o
SysTick_Handler                                   main.o
SystemCoreClock                                   ../base/system_LPC8xx.o
SystemCoreClockUpdate                             ../base/system_LPC8xx.o
                                                  ../base/iap_driver.o
SystemInit                                        ../base/system_LPC8xx.o
UART0_IRQHandler                                  ../base/gcc_startup_lpc8xx.o
UART1_IRQHandler                                  ../base/gcc_startup_lpc8xx.o
UART2_IRQHandler                                  ../base/gcc_startup_lpc8xx.o
WDT_IRQHandler                                    ../base/gcc_startup_lpc8xx.o
WKT_Handler                                       ../base/gcc_startup_lpc8xx.o
__aeabi_idiv0                                     /Users/jcw/Tools/gcc-arm-none-eabi-4_7-2013q3/bin/../lib/gcc/arm-none-eabi/4.7.4/armv6-m/libgcc.a(_dvmd_tls.o)
                                                  /Users/jcw/Tools/gcc-arm-none-eabi-4_7-2013q3/bin/../lib/gcc/arm-none-eabi/4.7.4/armv6-m/libgcc.a(_udivsi3.o)
__aeabi_ldiv0                                     /Users/jcw/Tools/gcc-arm-none-eabi-4_7-2013q3/bin/../lib/gcc/arm-none-eabi/4.7.4/armv6-m/libgcc.a(_dvmd_tls.o)
__aeabi_uidiv                                     /Users/jcw/Tools/gcc-arm-none-eabi-4_7-2013q3/bin/../lib/gcc/arm-none-eabi/4.7.4/armv6-m/libgcc.a(_udivsi3.o)
                                                  ../base/system_LPC8xx.o
                                                  ../base/printf.o
                                                  ../base/uart.o
                                                  rf69_12.o
__aeabi_uidivmod                                  /Users/jcw/Tools/gcc-arm-none-eabi-4_7-2013q3/bin/../lib/gcc/arm-none-eabi/4.7.4/armv6-m/libgcc.a(_udivsi3.o)
                                                  ../base/printf.o
__udivsi3                                         /Users/jcw/Tools/gcc-arm-none-eabi-4_7-2013q3/bin/../lib/gcc/arm-none-eabi/4.7.4/armv6-m/libgcc.a(_udivsi3.o)
_bss                                              ../base/gcc_startup_lpc8xx.o
_crc16_update                                     rf69_12.o
                                                  main.o
_data                                             ../base/gcc_startup_lpc8xx.o
_ebss                                             ../base/gcc_startup_lpc8xx.o
_edata                                            ../base/gcc_startup_lpc8xx.o
_etext                                            ../base/gcc_startup_lpc8xx.o
_vStackTop                                        ../base/gcc_startup_lpc8xx.o
backOffCounter                                    main.o
config                                            main.o
g_pfnVectors                                      ../base/gcc_startup_lpc8xx.o
iap_copy_ram_to_flash                             ../base/iap_driver.o
                                                  main.o
iap_erase_page                                    ../base/iap_driver.o
                                                  main.o
iap_erase_sector                                  ../base/iap_driver.o
iap_init                                          ../base/iap_driver.o
iap_prepare_sector                                ../base/iap_driver.o
                                                  main.o
iap_read_bootcode_rev                             ../base/iap_driver.o
iap_read_part_id                                  ../base/iap_driver.o
                                                  main.o
iap_read_unique_id                                ../base/iap_driver.o
                                                  main.o
j                                                 ../base/iap_driver.o
main                                              main.o
                                                  ../base/gcc_startup_lpc8xx.o
printf                                            ../base/printf.o
                                                  main.o
putchar                                           ../base/printf-retarget.o
                                                  ../base/printf.o
puts                                              ../base/printf-retarget.o
rf12_buf                                          rf69_12.o
                                                  main.o
rf12_canSend                                      rf69_12.o
rf12_crc                                          rf69_12.o
                                                  main.o
rf12_initialize                                   rf69_12.o
                                                  main.o
rf12_recvDone                                     rf69_12.o
                                                  main.o
rf12_sendNow                                      rf69_12.o
                                                  main.o
rf12_sendStart                                    rf69_12.o
rf12_sendWait                                     rf69_12.o
spiInit                                           ../base/spi.o
spiTransfer                                       ../base/spi.o
sprintf                                           ../base/printf.o
uart0Init                                         ../base/uart.o
                                                  main.o
uart0Send                                         ../base/uart.o
uart0SendChar                                     ../base/uart.o
                                                  ../base/printf-retarget.o
