Archive member included because of file (symbol)

/Users/jcw/Tools/gcc-arm-none-eabi-4_7-2013q3/bin/../lib/gcc/arm-none-eabi/4.7.4/armv6-m/libgcc.a(_udivsi3.o)
                              rf69_12.o (__aeabi_uidiv)
/Users/jcw/Tools/gcc-arm-none-eabi-4_7-2013q3/bin/../lib/gcc/arm-none-eabi/4.7.4/armv6-m/libgcc.a(_dvmd_tls.o)
                              /Users/jcw/Tools/gcc-arm-none-eabi-4_7-2013q3/bin/../lib/gcc/arm-none-eabi/4.7.4/armv6-m/libgcc.a(_udivsi3.o) (__aeabi_idiv0)

Allocating common symbols
Common symbol       size              file

j                   0x4               ../base/iap_driver.o
hwId                0x10              main.o
rf12_buf            0x47              rf69_12.o
backOffCounter      0x4               main.o
rf12_crc            0x2               rf69_12.o
config              0x20              main.o

Discarded input sections

 .text          0x0000000000000000        0x0 main.o
 .data          0x0000000000000000        0x0 main.o
 .text          0x0000000000000000        0x0 rf69_12.o
 .data          0x0000000000000000        0x0 rf69_12.o
 .text          0x0000000000000000        0x0 ../base/spi.o
 .data          0x0000000000000000        0x0 ../base/spi.o
 .bss           0x0000000000000000        0x0 ../base/spi.o
 .text.spiInit  0x0000000000000000       0x3c ../base/spi.o
 .text.spiTransfer
                0x0000000000000000       0x1c ../base/spi.o
 .debug_info    0x0000000000000000      0x534 ../base/spi.o
 .debug_abbrev  0x0000000000000000       0xec ../base/spi.o
 .debug_loc     0x0000000000000000       0x21 ../base/spi.o
 .debug_aranges
                0x0000000000000000       0x28 ../base/spi.o
 .debug_ranges  0x0000000000000000       0x18 ../base/spi.o
 .debug_line    0x0000000000000000       0xee ../base/spi.o
 .debug_str     0x0000000000000000      0x398 ../base/spi.o
 .comment       0x0000000000000000       0x71 ../base/spi.o
 .ARM.attributes
                0x0000000000000000       0x32 ../base/spi.o
 .debug_frame   0x0000000000000000       0x30 ../base/spi.o
 .text          0x0000000000000000        0x0 ../base/uart.o
 .data          0x0000000000000000        0x0 ../base/uart.o
 .bss           0x0000000000000000        0x0 ../base/uart.o
 .text.uart0Send
                0x0000000000000000       0x16 ../base/uart.o
 .text          0x0000000000000000        0x0 ../base/printf.o
 .data          0x0000000000000000        0x0 ../base/printf.o
 .bss           0x0000000000000000        0x0 ../base/printf.o
 .text.sprintf  0x0000000000000000       0x1c ../base/printf.o
 .text          0x0000000000000000        0x0 ../base/printf-retarget.o
 .data          0x0000000000000000        0x0 ../base/printf-retarget.o
 .bss           0x0000000000000000        0x0 ../base/printf-retarget.o
 .text.puts     0x0000000000000000       0x14 ../base/printf-retarget.o
 .text          0x0000000000000000        0x0 ../base/iap_driver.o
 .data          0x0000000000000000        0x0 ../base/iap_driver.o
 .text.iap_init
                0x0000000000000000        0xa ../base/iap_driver.o
 .text.iap_erase_sector
                0x0000000000000000       0x30 ../base/iap_driver.o
 .text.iap_read_bootcode_rev
                0x0000000000000000       0x38 ../base/iap_driver.o
 COMMON         0x0000000000000000        0x4 ../base/iap_driver.o
 .text          0x0000000000000000        0x0 ../base/system_LPC8xx.o
 .data          0x0000000000000000        0x4 ../base/system_LPC8xx.o
 .bss           0x0000000000000000        0x0 ../base/system_LPC8xx.o
 .text.SystemCoreClockUpdate
                0x0000000000000000       0x84 ../base/system_LPC8xx.o
 .text.SystemInit
                0x0000000000000000       0x14 ../base/system_LPC8xx.o
 .rodata        0x0000000000000000       0x3c ../base/system_LPC8xx.o
 .debug_info    0x0000000000000000      0x47b ../base/system_LPC8xx.o
 .debug_abbrev  0x0000000000000000       0xc7 ../base/system_LPC8xx.o
 .debug_loc     0x0000000000000000       0x93 ../base/system_LPC8xx.o
 .debug_aranges
                0x0000000000000000       0x28 ../base/system_LPC8xx.o
 .debug_ranges  0x0000000000000000       0x18 ../base/system_LPC8xx.o
 .debug_line    0x0000000000000000      0x114 ../base/system_LPC8xx.o
 .debug_str     0x0000000000000000      0x37b ../base/system_LPC8xx.o
 .comment       0x0000000000000000       0x71 ../base/system_LPC8xx.o
 .ARM.attributes
                0x0000000000000000       0x32 ../base/system_LPC8xx.o
 .debug_frame   0x0000000000000000       0x3c ../base/system_LPC8xx.o
 .text          0x0000000000000000        0x0 ../base/gcc_startup_lpc8xx.o
 .data          0x0000000000000000        0x0 ../base/gcc_startup_lpc8xx.o
 .bss           0x0000000000000000        0x0 ../base/gcc_startup_lpc8xx.o
 .data          0x0000000000000000        0x0 /Users/jcw/Tools/gcc-arm-none-eabi-4_7-2013q3/bin/../lib/gcc/arm-none-eabi/4.7.4/armv6-m/libgcc.a(_udivsi3.o)
 .bss           0x0000000000000000        0x0 /Users/jcw/Tools/gcc-arm-none-eabi-4_7-2013q3/bin/../lib/gcc/arm-none-eabi/4.7.4/armv6-m/libgcc.a(_udivsi3.o)
 .data          0x0000000000000000        0x0 /Users/jcw/Tools/gcc-arm-none-eabi-4_7-2013q3/bin/../lib/gcc/arm-none-eabi/4.7.4/armv6-m/libgcc.a(_dvmd_tls.o)
 .bss           0x0000000000000000        0x0 /Users/jcw/Tools/gcc-arm-none-eabi-4_7-2013q3/bin/../lib/gcc/arm-none-eabi/4.7.4/armv6-m/libgcc.a(_dvmd_tls.o)

Memory Configuration

Name             Origin             Length             Attributes
FLASH            0x0000000000000000 0x0000000000004000 xr
RAM              0x0000000010000280 0x0000000000000d80 xrw
*default*        0x0000000000000000 0xffffffffffffffff

Linker script and memory map


.text           0x0000000000000000      0xf2c
 *(.isr_vector)
 .isr_vector    0x0000000000000000       0xc0 ../base/gcc_startup_lpc8xx.o
                0x0000000000000000                g_pfnVectors
 *(.after_vectors*)
 .after_vectors
                0x00000000000000c0       0x4c ../base/gcc_startup_lpc8xx.o
                0x00000000000000c0                NMI_Handler
                0x00000000000000c2                HardFault_Handler
                0x00000000000000c4                PendSV_Handler
                0x00000000000000c8                PININT7_IRQHandler
                0x00000000000000c8                WKT_IRQHandler
                0x00000000000000c8                PININT2_IRQHandler
                0x00000000000000c8                PININT1_IRQHandler
                0x00000000000000c8                MRT_IRQHandler
                0x00000000000000c8                UART1_IRQHandler
                0x00000000000000c8                UART0_IRQHandler
                0x00000000000000c8                SPI1_IRQHandler
                0x00000000000000c8                IntDefaultHandler
                0x00000000000000c8                PININT3_IRQHandler
                0x00000000000000c8                UART2_IRQHandler
                0x00000000000000c8                PININT5_IRQHandler
                0x00000000000000c8                PININT4_IRQHandler
                0x00000000000000c8                PININT0_IRQHandler
                0x00000000000000c8                BOD_IRQHandler
                0x00000000000000c8                SCT_IRQHandler
                0x00000000000000c8                I2C_IRQHandler
                0x00000000000000c8                WDT_IRQHandler
                0x00000000000000c8                PININT6_IRQHandler
                0x00000000000000c8                SPI0_IRQHandler
                0x00000000000000c8                CMP_IRQHandler
                0x00000000000000ca                ResetISR
                0x0000000000000108                SVCall_Handler
 *(.text*)
 .text.sleep    0x000000000000010c       0x14 main.o
 .text.memcpy   0x0000000000000120       0x14 main.o
 .text.exponentialBackOff
                0x0000000000000134       0x30 main.o
 .text.calcCRC  0x0000000000000164       0x30 main.o
 .text.appIsValid
                0x0000000000000194       0x20 main.o
 .text.copyPageToFlash
                0x00000000000001b4       0x58 main.o
 .text.sendRequest
                0x000000000000020c       0x80 main.o
 .text.saveConfig
                0x000000000000028c       0x3c main.o
 .text.SysTick_Handler
                0x00000000000002c8       0x10 main.o
                0x00000000000002c8                SysTick_Handler
 .text.startup.main
                0x00000000000002d8      0x2d0 main.o
                0x00000000000002d8                main
 .text.spiTransfer
                0x00000000000005a8       0x1c rf69_12.o
 .text.flushFifo
                0x00000000000005c4       0x1a rf69_12.o
 .text.setMode  0x00000000000005de       0x20 rf69_12.o
 *fill*         0x00000000000005fe        0x2 00
 .text._crc16_update
                0x0000000000000600       0x34 rf69_12.o
                0x0000000000000600                _crc16_update
 .text.rf12_initialize
                0x0000000000000634      0x110 rf69_12.o
                0x0000000000000634                rf12_initialize
 .text.rf12_recvDone
                0x0000000000000744      0x130 rf69_12.o
                0x0000000000000744                rf12_recvDone
 .text.rf12_canSend
                0x0000000000000874       0x24 rf69_12.o
                0x0000000000000874                rf12_canSend
 .text.rf12_sendStart
                0x0000000000000898       0x60 rf69_12.o
                0x0000000000000898                rf12_sendStart
 .text.rf12_sendNow
                0x00000000000008f8       0x22 rf69_12.o
                0x00000000000008f8                rf12_sendNow
 *fill*         0x000000000000091a        0x2 00
 .text.rf12_sendWait
                0x000000000000091c       0x18 rf69_12.o
                0x000000000000091c                rf12_sendWait
 .text.uart0Init
                0x0000000000000934       0x7c ../base/uart.o
                0x0000000000000934                uart0Init
 .text.uart0SendChar
                0x00000000000009b0       0x10 ../base/uart.o
                0x00000000000009b0                uart0SendChar
 .text.printchar
                0x00000000000009c0       0x1a ../base/printf.o
 .text.prints   0x00000000000009da       0x84 ../base/printf.o
 .text.printi   0x0000000000000a5e       0xaa ../base/printf.o
 .text.print    0x0000000000000b08      0x118 ../base/printf.o
 .text.printf   0x0000000000000c20       0x1a ../base/printf.o
                0x0000000000000c20                printf
 .text.putchar  0x0000000000000c3a       0x16 ../base/printf-retarget.o
                0x0000000000000c3a                putchar
 .text.iap_erase_page
                0x0000000000000c50       0x30 ../base/iap_driver.o
                0x0000000000000c50                iap_erase_page
 .text.iap_prepare_sector
                0x0000000000000c80       0x28 ../base/iap_driver.o
                0x0000000000000c80                iap_prepare_sector
 .text.iap_copy_ram_to_flash
                0x0000000000000ca8       0x30 ../base/iap_driver.o
                0x0000000000000ca8                iap_copy_ram_to_flash
 .text.iap_read_part_id
                0x0000000000000cd8       0x28 ../base/iap_driver.o
                0x0000000000000cd8                iap_read_part_id
 .text.iap_read_unique_id
                0x0000000000000d00       0x34 ../base/iap_driver.o
                0x0000000000000d00                iap_read_unique_id
 .text          0x0000000000000d34       0x9c /Users/jcw/Tools/gcc-arm-none-eabi-4_7-2013q3/bin/../lib/gcc/arm-none-eabi/4.7.4/armv6-m/libgcc.a(_udivsi3.o)
                0x0000000000000d34                __udivsi3
                0x0000000000000d34                __aeabi_uidiv
                0x0000000000000dbc                __aeabi_uidivmod
 .text          0x0000000000000dd0        0x4 /Users/jcw/Tools/gcc-arm-none-eabi-4_7-2013q3/bin/../lib/gcc/arm-none-eabi/4.7.4/armv6-m/libgcc.a(_dvmd_tls.o)
                0x0000000000000dd0                __aeabi_ldiv0
                0x0000000000000dd0                __aeabi_idiv0
 *(.rodata .rodata.*)
 .rodata.str1.1
                0x0000000000000dd4      0x101 main.o
                                        0x10b (size before relaxing)
 *fill*         0x0000000000000ed5        0x1 00
 .rodata        0x0000000000000ed6       0x4c rf69_12.o
 .rodata.str1.1
                0x0000000000000f22        0x7 ../base/printf.o
                0x0000000000000f2c                . = ALIGN (0x4)
 *fill*         0x0000000000000f29        0x3 00
                0x0000000000000f2c                _etext = .

.glue_7         0x0000000000000f2c        0x0
 .glue_7        0x0000000000000000        0x0 linker stubs

.glue_7t        0x0000000000000f2c        0x0
 .glue_7t       0x0000000000000000        0x0 linker stubs

.vfp11_veneer   0x0000000000000f2c        0x0
 .vfp11_veneer  0x0000000000000000        0x0 linker stubs

.v4_bx          0x0000000000000f2c        0x0
 .v4_bx         0x0000000000000000        0x0 linker stubs

.iplt           0x0000000000000f2c        0x0
 .iplt          0x0000000000000000        0x0 main.o

.rel.dyn        0x0000000000000f2c        0x0
 .rel.iplt      0x0000000000000000        0x0 main.o

.data           0x0000000010000280        0x0 load address 0x0000000000000f2c
                0x0000000010000280                _data = .
 *(vtable)
 *(.data*)
                0x0000000010000280                . = ALIGN (0x4)
                0x0000000010000280                _edata = .

.igot.plt       0x0000000010000280        0x0 load address 0x0000000000000f2c
 .igot.plt      0x0000000000000000        0x0 main.o

.bss            0x0000000010000280       0xb0 load address 0x0000000000000f2c
                0x0000000010000280                _bss = .
 *(.bss*)
 .bss           0x0000000010000280        0x4 main.o
 .bss           0x0000000010000284        0x4 rf69_12.o
 .bss           0x0000000010000288       0x28 ../base/iap_driver.o
 *(COMMON)
 COMMON         0x00000000100002b0       0x34 main.o
                0x00000000100002b0                hwId
                0x00000000100002c0                backOffCounter
                0x00000000100002c4                config
 COMMON         0x00000000100002e4       0x4a rf69_12.o
                0x00000000100002e4                rf12_buf
                0x000000001000032c                rf12_crc
                0x0000000010000330                . = ALIGN (0x4)
 *fill*         0x000000001000032e        0x2 00
                0x0000000010000330                _ebss = .
                0x0000000010000330                PROVIDE (end, .)
                0x0000000010000330                PROVIDE (_pvHeapStart, .)
                0x0000000010001000                PROVIDE (_vStackTop, (ORIGIN (RAM) + 0xd80))
LOAD main.o
LOAD rf69_12.o
LOAD ../base/spi.o
LOAD ../base/uart.o
LOAD ../base/printf.o
LOAD ../base/printf-retarget.o
LOAD ../base/iap_driver.o
LOAD ../base/system_LPC8xx.o
LOAD ../base/gcc_startup_lpc8xx.o
LOAD /Users/jcw/Tools/gcc-arm-none-eabi-4_7-2013q3/bin/../lib/gcc/arm-none-eabi/4.7.4/armv6-m/libgcc.a
OUTPUT(firmware.elf elf32-littlearm)

.debug_info     0x0000000000000000     0x3790
 .debug_info    0x0000000000000000     0x1836 main.o
 .debug_info    0x0000000000001836      0xd33 rf69_12.o
 .debug_info    0x0000000000002569      0x597 ../base/uart.o
 .debug_info    0x0000000000002b00      0x4db ../base/printf.o
 .debug_info    0x0000000000002fdb      0x11b ../base/printf-retarget.o
 .debug_info    0x00000000000030f6      0x4d6 ../base/iap_driver.o
 .debug_info    0x00000000000035cc      0x1c4 ../base/gcc_startup_lpc8xx.o

.debug_abbrev   0x0000000000000000      0xe25
 .debug_abbrev  0x0000000000000000      0x489 main.o
 .debug_abbrev  0x0000000000000489      0x311 rf69_12.o
 .debug_abbrev  0x000000000000079a      0x149 ../base/uart.o
 .debug_abbrev  0x00000000000008e3      0x1d9 ../base/printf.o
 .debug_abbrev  0x0000000000000abc       0xc8 ../base/printf-retarget.o
 .debug_abbrev  0x0000000000000b84      0x185 ../base/iap_driver.o
 .debug_abbrev  0x0000000000000d09      0x11c ../base/gcc_startup_lpc8xx.o

.debug_loc      0x0000000000000000     0x1589
 .debug_loc     0x0000000000000000      0x4d3 main.o
 .debug_loc     0x00000000000004d3      0x523 rf69_12.o
 .debug_loc     0x00000000000009f6       0xa8 ../base/uart.o
 .debug_loc     0x0000000000000a9e      0x6f0 ../base/printf.o
 .debug_loc     0x000000000000118e       0x7f ../base/printf-retarget.o
 .debug_loc     0x000000000000120d      0x369 ../base/iap_driver.o
 .debug_loc     0x0000000000001576       0x13 ../base/gcc_startup_lpc8xx.o

.debug_aranges  0x0000000000000000      0x218
 .debug_aranges
                0x0000000000000000       0x68 main.o
 .debug_aranges
                0x0000000000000068       0x68 rf69_12.o
 .debug_aranges
                0x00000000000000d0       0x30 ../base/uart.o
 .debug_aranges
                0x0000000000000100       0x48 ../base/printf.o
 .debug_aranges
                0x0000000000000148       0x28 ../base/printf-retarget.o
 .debug_aranges
                0x0000000000000170       0x58 ../base/iap_driver.o
 .debug_aranges
                0x00000000000001c8       0x50 ../base/gcc_startup_lpc8xx.o

.debug_ranges   0x0000000000000000      0x3d0
 .debug_ranges  0x0000000000000000      0x1d0 main.o
 .debug_ranges  0x00000000000001d0      0x108 rf69_12.o
 .debug_ranges  0x00000000000002d8       0x20 ../base/uart.o
 .debug_ranges  0x00000000000002f8       0x38 ../base/printf.o
 .debug_ranges  0x0000000000000330       0x18 ../base/printf-retarget.o
 .debug_ranges  0x0000000000000348       0x48 ../base/iap_driver.o
 .debug_ranges  0x0000000000000390       0x40 ../base/gcc_startup_lpc8xx.o

.debug_line     0x0000000000000000      0xd17
 .debug_line    0x0000000000000000      0x34d main.o
 .debug_line    0x000000000000034d      0x331 rf69_12.o
 .debug_line    0x000000000000067e      0x12b ../base/uart.o
 .debug_line    0x00000000000007a9      0x23b ../base/printf.o
 .debug_line    0x00000000000009e4       0x83 ../base/printf-retarget.o
 .debug_line    0x0000000000000a67      0x234 ../base/iap_driver.o
 .debug_line    0x0000000000000c9b       0x7c ../base/gcc_startup_lpc8xx.o

.debug_str      0x0000000000000000      0xd55
 .debug_str     0x0000000000000000      0x8bc main.o
                                        0x937 (size before relaxing)
 .debug_str     0x00000000000008bc      0x156 rf69_12.o
                                        0x4ce (size before relaxing)
 .debug_str     0x0000000000000a12       0xa2 ../base/uart.o
                                        0x3c7 (size before relaxing)
 .debug_str     0x0000000000000ab4       0x9f ../base/printf.o
                                        0x13b (size before relaxing)
 .debug_str     0x0000000000000b53       0x2e ../base/printf-retarget.o
                                        0x148 (size before relaxing)
 .debug_str     0x0000000000000b81      0x116 ../base/iap_driver.o
                                        0x2a3 (size before relaxing)
 .debug_str     0x0000000000000c97       0xbe ../base/gcc_startup_lpc8xx.o
                                        0x15b (size before relaxing)

.comment        0x0000000000000000       0x70
 .comment       0x0000000000000000       0x70 main.o
                                         0x71 (size before relaxing)
 .comment       0x0000000000000000       0x71 rf69_12.o
 .comment       0x0000000000000000       0x71 ../base/uart.o
 .comment       0x0000000000000000       0x71 ../base/printf.o
 .comment       0x0000000000000000       0x71 ../base/printf-retarget.o
 .comment       0x0000000000000000       0x71 ../base/iap_driver.o
 .comment       0x0000000000000000       0x71 ../base/gcc_startup_lpc8xx.o

.ARM.attributes
                0x0000000000000000       0x32
 .ARM.attributes
                0x0000000000000000       0x32 main.o
 .ARM.attributes
                0x0000000000000032       0x32 rf69_12.o
 .ARM.attributes
                0x0000000000000064       0x32 ../base/uart.o
 .ARM.attributes
                0x0000000000000096       0x32 ../base/printf.o
 .ARM.attributes
                0x00000000000000c8       0x32 ../base/printf-retarget.o
 .ARM.attributes
                0x00000000000000fa       0x32 ../base/iap_driver.o
 .ARM.attributes
                0x000000000000012c       0x32 ../base/gcc_startup_lpc8xx.o
 .ARM.attributes
                0x000000000000015e       0x1e /Users/jcw/Tools/gcc-arm-none-eabi-4_7-2013q3/bin/../lib/gcc/arm-none-eabi/4.7.4/armv6-m/libgcc.a(_udivsi3.o)
 .ARM.attributes
                0x000000000000017c       0x1e /Users/jcw/Tools/gcc-arm-none-eabi-4_7-2013q3/bin/../lib/gcc/arm-none-eabi/4.7.4/armv6-m/libgcc.a(_dvmd_tls.o)

.debug_frame    0x0000000000000000      0x510
 .debug_frame   0x0000000000000000      0x118 main.o
 .debug_frame   0x0000000000000118      0x110 rf69_12.o
 .debug_frame   0x0000000000000228       0x60 ../base/uart.o
 .debug_frame   0x0000000000000288       0xcc ../base/printf.o
 .debug_frame   0x0000000000000354       0x40 ../base/printf-retarget.o
 .debug_frame   0x0000000000000394       0xdc ../base/iap_driver.o
 .debug_frame   0x0000000000000470       0x80 ../base/gcc_startup_lpc8xx.o
 .debug_frame   0x00000000000004f0       0x20 /Users/jcw/Tools/gcc-arm-none-eabi-4_7-2013q3/bin/../lib/gcc/arm-none-eabi/4.7.4/armv6-m/libgcc.a(_udivsi3.o)

Cross Reference Table

Symbol                                            File
BOD_IRQHandler                                    ../base/gcc_startup_lpc8xx.o
CMP_IRQHandler                                    ../base/gcc_startup_lpc8xx.o
HardFault_Handler                                 ../base/gcc_startup_lpc8xx.o
I2C_IRQHandler                                    ../base/gcc_startup_lpc8xx.o
IntDefaultHandler                                 ../base/gcc_startup_lpc8xx.o
MRT_IRQHandler                                    ../base/gcc_startup_lpc8xx.o
NMI_Handler                                       ../base/gcc_startup_lpc8xx.o
PININT0_IRQHandler                                ../base/gcc_startup_lpc8xx.o
PININT1_IRQHandler                                ../base/gcc_startup_lpc8xx.o
PININT2_IRQHandler                                ../base/gcc_startup_lpc8xx.o
PININT3_IRQHandler                                ../base/gcc_startup_lpc8xx.o
PININT4_IRQHandler                                ../base/gcc_startup_lpc8xx.o
PININT5_IRQHandler                                ../base/gcc_startup_lpc8xx.o
PININT6_IRQHandler                                ../base/gcc_startup_lpc8xx.o
PININT7_IRQHandler                                ../base/gcc_startup_lpc8xx.o
PendSV_Handler                                    ../base/gcc_startup_lpc8xx.o
ResetISR                                          ../base/gcc_startup_lpc8xx.o
SCT_IRQHandler                                    ../base/gcc_startup_lpc8xx.o
SPI0_IRQHandler                                   ../base/gcc_startup_lpc8xx.o
SPI1_IRQHandler                                   ../base/gcc_startup_lpc8xx.o
SVC_Handler                                       ../base/gcc_startup_lpc8xx.o
SVCall_Handler                                    ../base/gcc_startup_lpc8xx.o
SysTick_Handler                                   main.o
SystemCoreClock                                   ../base/system_LPC8xx.o
SystemCoreClockUpdate                             ../base/system_LPC8xx.o
                                                  ../base/iap_driver.o
SystemInit                                        ../base/system_LPC8xx.o
UART0_IRQHandler                                  ../base/gcc_startup_lpc8xx.o
UART1_IRQHandler                                  ../base/gcc_startup_lpc8xx.o
UART2_IRQHandler                                  ../base/gcc_startup_lpc8xx.o
WDT_IRQHandler                                    ../base/gcc_startup_lpc8xx.o
WKT_IRQHandler                                    ../base/gcc_startup_lpc8xx.o
__aeabi_idiv0                                     /Users/jcw/Tools/gcc-arm-none-eabi-4_7-2013q3/bin/../lib/gcc/arm-none-eabi/4.7.4/armv6-m/libgcc.a(_dvmd_tls.o)
                                                  /Users/jcw/Tools/gcc-arm-none-eabi-4_7-2013q3/bin/../lib/gcc/arm-none-eabi/4.7.4/armv6-m/libgcc.a(_udivsi3.o)
__aeabi_ldiv0                                     /Users/jcw/Tools/gcc-arm-none-eabi-4_7-2013q3/bin/../lib/gcc/arm-none-eabi/4.7.4/armv6-m/libgcc.a(_dvmd_tls.o)
__aeabi_uidiv                                     /Users/jcw/Tools/gcc-arm-none-eabi-4_7-2013q3/bin/../lib/gcc/arm-none-eabi/4.7.4/armv6-m/libgcc.a(_udivsi3.o)
                                                  ../base/system_LPC8xx.o
                                                  ../base/printf.o
                                                  ../base/uart.o
                                                  rf69_12.o
__aeabi_uidivmod                                  /Users/jcw/Tools/gcc-arm-none-eabi-4_7-2013q3/bin/../lib/gcc/arm-none-eabi/4.7.4/armv6-m/libgcc.a(_udivsi3.o)
                                                  ../base/printf.o
__udivsi3                                         /Users/jcw/Tools/gcc-arm-none-eabi-4_7-2013q3/bin/../lib/gcc/arm-none-eabi/4.7.4/armv6-m/libgcc.a(_udivsi3.o)
_bss                                              ../base/gcc_startup_lpc8xx.o
_crc16_update                                     rf69_12.o
                                                  main.o
_data                                             ../base/gcc_startup_lpc8xx.o
_ebss                                             ../base/gcc_startup_lpc8xx.o
_edata                                            ../base/gcc_startup_lpc8xx.o
_etext                                            ../base/gcc_startup_lpc8xx.o
_vStackTop                                        ../base/gcc_startup_lpc8xx.o
backOffCounter                                    main.o
config                                            main.o
g_pfnVectors                                      ../base/gcc_startup_lpc8xx.o
hwId                                              main.o
iap_copy_ram_to_flash                             ../base/iap_driver.o
                                                  main.o
iap_erase_page                                    ../base/iap_driver.o
                                                  main.o
iap_erase_sector                                  ../base/iap_driver.o
iap_init                                          ../base/iap_driver.o
iap_prepare_sector                                ../base/iap_driver.o
                                                  main.o
iap_read_bootcode_rev                             ../base/iap_driver.o
iap_read_part_id                                  ../base/iap_driver.o
                                                  main.o
iap_read_unique_id                                ../base/iap_driver.o
                                                  main.o
j                                                 ../base/iap_driver.o
main                                              main.o
                                                  ../base/gcc_startup_lpc8xx.o
printf                                            ../base/printf.o
                                                  main.o
putchar                                           ../base/printf-retarget.o
                                                  ../base/printf.o
puts                                              ../base/printf-retarget.o
rf12_buf                                          rf69_12.o
                                                  main.o
rf12_canSend                                      rf69_12.o
rf12_crc                                          rf69_12.o
                                                  main.o
rf12_initialize                                   rf69_12.o
                                                  main.o
rf12_recvDone                                     rf69_12.o
                                                  main.o
rf12_sendNow                                      rf69_12.o
                                                  main.o
rf12_sendStart                                    rf69_12.o
rf12_sendWait                                     rf69_12.o
                                                  main.o
spiInit                                           ../base/spi.o
spiTransfer                                       ../base/spi.o
sprintf                                           ../base/printf.o
uart0Init                                         ../base/uart.o
                                                  main.o
uart0Send                                         ../base/uart.o
uart0SendChar                                     ../base/uart.o
                                                  ../base/printf-retarget.o
