Archive member included because of file (symbol)

/Users/jcw/Tools/gcc-arm-none-eabi-4_7-2013q3/bin/../lib/gcc/arm-none-eabi/4.7.4/armv6-m/libgcc.a(_udivsi3.o)
                              rf69_12.o (__aeabi_uidiv)
/Users/jcw/Tools/gcc-arm-none-eabi-4_7-2013q3/bin/../lib/gcc/arm-none-eabi/4.7.4/armv6-m/libgcc.a(_dvmd_tls.o)
                              /Users/jcw/Tools/gcc-arm-none-eabi-4_7-2013q3/bin/../lib/gcc/arm-none-eabi/4.7.4/armv6-m/libgcc.a(_udivsi3.o) (__aeabi_idiv0)

Allocating common symbols
Common symbol       size              file

j                   0x4               ../base/iap_driver.o
rf12_buf            0x47              rf69_12.o
backOffCounter      0x4               main.o
rf12_crc            0x2               rf69_12.o
config              0x20              main.o

Discarded input sections

 .text          0x0000000000000000        0x0 main.o
 .data          0x0000000000000000        0x0 main.o
 .text          0x0000000000000000        0x0 rf69_12.o
 .data          0x0000000000000000        0x0 rf69_12.o
 .text          0x0000000000000000        0x0 ../base/spi.o
 .data          0x0000000000000000        0x0 ../base/spi.o
 .bss           0x0000000000000000        0x0 ../base/spi.o
 .text.spiInit  0x0000000000000000       0x3c ../base/spi.o
 .text.spiTransfer
                0x0000000000000000       0x1c ../base/spi.o
 .debug_info    0x0000000000000000      0x534 ../base/spi.o
 .debug_abbrev  0x0000000000000000       0xec ../base/spi.o
 .debug_loc     0x0000000000000000       0x21 ../base/spi.o
 .debug_aranges
                0x0000000000000000       0x28 ../base/spi.o
 .debug_ranges  0x0000000000000000       0x18 ../base/spi.o
 .debug_line    0x0000000000000000       0xee ../base/spi.o
 .debug_str     0x0000000000000000      0x397 ../base/spi.o
 .comment       0x0000000000000000       0x71 ../base/spi.o
 .ARM.attributes
                0x0000000000000000       0x32 ../base/spi.o
 .debug_frame   0x0000000000000000       0x30 ../base/spi.o
 .text          0x0000000000000000        0x0 ../base/uart.o
 .data          0x0000000000000000        0x0 ../base/uart.o
 .bss           0x0000000000000000        0x0 ../base/uart.o
 .text.uart0Init
                0x0000000000000000       0x7c ../base/uart.o
 .text.uart0SendChar
                0x0000000000000000       0x10 ../base/uart.o
 .text.uart0Send
                0x0000000000000000       0x16 ../base/uart.o
 .debug_info    0x0000000000000000      0x597 ../base/uart.o
 .debug_abbrev  0x0000000000000000      0x149 ../base/uart.o
 .debug_loc     0x0000000000000000       0xa8 ../base/uart.o
 .debug_aranges
                0x0000000000000000       0x30 ../base/uart.o
 .debug_ranges  0x0000000000000000       0x20 ../base/uart.o
 .debug_line    0x0000000000000000      0x11c ../base/uart.o
 .debug_str     0x0000000000000000      0x3b7 ../base/uart.o
 .comment       0x0000000000000000       0x71 ../base/uart.o
 .ARM.attributes
                0x0000000000000000       0x32 ../base/uart.o
 .debug_frame   0x0000000000000000       0x60 ../base/uart.o
 .text          0x0000000000000000        0x0 ../base/printf.o
 .data          0x0000000000000000        0x0 ../base/printf.o
 .bss           0x0000000000000000        0x0 ../base/printf.o
 .text.printchar
                0x0000000000000000       0x1a ../base/printf.o
 .text.prints   0x0000000000000000       0x84 ../base/printf.o
 .text.printi   0x0000000000000000       0xaa ../base/printf.o
 .text.print    0x0000000000000000      0x118 ../base/printf.o
 .text.printf   0x0000000000000000       0x1a ../base/printf.o
 .text.sprintf  0x0000000000000000       0x1c ../base/printf.o
 .rodata.str1.1
                0x0000000000000000        0x7 ../base/printf.o
 .debug_info    0x0000000000000000      0x4db ../base/printf.o
 .debug_abbrev  0x0000000000000000      0x1d9 ../base/printf.o
 .debug_loc     0x0000000000000000      0x6f0 ../base/printf.o
 .debug_aranges
                0x0000000000000000       0x48 ../base/printf.o
 .debug_ranges  0x0000000000000000       0x38 ../base/printf.o
 .debug_line    0x0000000000000000      0x22c ../base/printf.o
 .debug_str     0x0000000000000000      0x12b ../base/printf.o
 .comment       0x0000000000000000       0x71 ../base/printf.o
 .ARM.attributes
                0x0000000000000000       0x32 ../base/printf.o
 .debug_frame   0x0000000000000000       0xcc ../base/printf.o
 .text          0x0000000000000000        0x0 ../base/printf-retarget.o
 .data          0x0000000000000000        0x0 ../base/printf-retarget.o
 .bss           0x0000000000000000        0x0 ../base/printf-retarget.o
 .text.putchar  0x0000000000000000       0x16 ../base/printf-retarget.o
 .text.puts     0x0000000000000000       0x14 ../base/printf-retarget.o
 .debug_info    0x0000000000000000      0x11b ../base/printf-retarget.o
 .debug_abbrev  0x0000000000000000       0xc8 ../base/printf-retarget.o
 .debug_loc     0x0000000000000000       0x7f ../base/printf-retarget.o
 .debug_aranges
                0x0000000000000000       0x28 ../base/printf-retarget.o
 .debug_ranges  0x0000000000000000       0x18 ../base/printf-retarget.o
 .debug_line    0x0000000000000000       0x74 ../base/printf-retarget.o
 .debug_str     0x0000000000000000      0x138 ../base/printf-retarget.o
 .comment       0x0000000000000000       0x71 ../base/printf-retarget.o
 .ARM.attributes
                0x0000000000000000       0x32 ../base/printf-retarget.o
 .debug_frame   0x0000000000000000       0x40 ../base/printf-retarget.o
 .text          0x0000000000000000        0x0 ../base/iap_driver.o
 .data          0x0000000000000000        0x0 ../base/iap_driver.o
 .text.iap_init
                0x0000000000000000        0xa ../base/iap_driver.o
 .text.iap_erase_sector
                0x0000000000000000       0x30 ../base/iap_driver.o
 .text.iap_read_bootcode_rev
                0x0000000000000000       0x38 ../base/iap_driver.o
 COMMON         0x0000000000000000        0x4 ../base/iap_driver.o
 .text          0x0000000000000000        0x0 ../base/system_LPC8xx.o
 .data          0x0000000000000000        0x4 ../base/system_LPC8xx.o
 .bss           0x0000000000000000        0x0 ../base/system_LPC8xx.o
 .text.SystemCoreClockUpdate
                0x0000000000000000       0x84 ../base/system_LPC8xx.o
 .text.SystemInit
                0x0000000000000000       0x14 ../base/system_LPC8xx.o
 .rodata        0x0000000000000000       0x3c ../base/system_LPC8xx.o
 .debug_info    0x0000000000000000      0x47b ../base/system_LPC8xx.o
 .debug_abbrev  0x0000000000000000       0xc7 ../base/system_LPC8xx.o
 .debug_loc     0x0000000000000000       0x93 ../base/system_LPC8xx.o
 .debug_aranges
                0x0000000000000000       0x28 ../base/system_LPC8xx.o
 .debug_ranges  0x0000000000000000       0x18 ../base/system_LPC8xx.o
 .debug_line    0x0000000000000000      0x105 ../base/system_LPC8xx.o
 .debug_str     0x0000000000000000      0x36b ../base/system_LPC8xx.o
 .comment       0x0000000000000000       0x71 ../base/system_LPC8xx.o
 .ARM.attributes
                0x0000000000000000       0x32 ../base/system_LPC8xx.o
 .debug_frame   0x0000000000000000       0x3c ../base/system_LPC8xx.o
 .text          0x0000000000000000        0x0 ../base/gcc_startup_lpc8xx.o
 .data          0x0000000000000000        0x0 ../base/gcc_startup_lpc8xx.o
 .bss           0x0000000000000000        0x0 ../base/gcc_startup_lpc8xx.o
 .data          0x0000000000000000        0x0 /Users/jcw/Tools/gcc-arm-none-eabi-4_7-2013q3/bin/../lib/gcc/arm-none-eabi/4.7.4/armv6-m/libgcc.a(_udivsi3.o)
 .bss           0x0000000000000000        0x0 /Users/jcw/Tools/gcc-arm-none-eabi-4_7-2013q3/bin/../lib/gcc/arm-none-eabi/4.7.4/armv6-m/libgcc.a(_udivsi3.o)
 .data          0x0000000000000000        0x0 /Users/jcw/Tools/gcc-arm-none-eabi-4_7-2013q3/bin/../lib/gcc/arm-none-eabi/4.7.4/armv6-m/libgcc.a(_dvmd_tls.o)
 .bss           0x0000000000000000        0x0 /Users/jcw/Tools/gcc-arm-none-eabi-4_7-2013q3/bin/../lib/gcc/arm-none-eabi/4.7.4/armv6-m/libgcc.a(_dvmd_tls.o)

Memory Configuration

Name             Origin             Length             Attributes
FLASH            0x0000000000000000 0x0000000000004000 xr
RAM              0x0000000010000280 0x0000000000000d80 xrw
*default*        0x0000000000000000 0xffffffffffffffff

Linker script and memory map


.text           0x0000000000000000      0x970
 *(.isr_vector)
 .isr_vector    0x0000000000000000       0x40 ../base/gcc_startup_lpc8xx.o
                0x0000000000000000                g_pfnVectors
 *(.after_vectors*)
 .after_vectors
                0x0000000000000040       0x5c ../base/gcc_startup_lpc8xx.o
                0x0000000000000040                NMI_Handler
                0x0000000000000042                HardFault_Handler
                0x0000000000000044                PendSV_Handler
                0x0000000000000048                ResetISR
                0x0000000000000088                SVCall_Handler
                0x000000000000008a                WKT_Handler
                0x000000000000008c                PININT1_IRQHandler
                0x000000000000008c                PININT2_IRQHandler
                0x000000000000008c                PININT7_IRQHandler
                0x000000000000008c                MRT_IRQHandler
                0x000000000000008c                UART1_IRQHandler
                0x000000000000008c                UART0_IRQHandler
                0x000000000000008c                SPI1_IRQHandler
                0x000000000000008c                IntDefaultHandler
                0x000000000000008c                PININT3_IRQHandler
                0x000000000000008c                UART2_IRQHandler
                0x000000000000008c                PININT5_IRQHandler
                0x000000000000008c                PININT4_IRQHandler
                0x000000000000008c                PININT0_IRQHandler
                0x000000000000008c                BOD_IRQHandler
                0x000000000000008c                SCT_IRQHandler
                0x000000000000008c                I2C_IRQHandler
                0x000000000000008c                WDT_IRQHandler
                0x000000000000008c                PININT6_IRQHandler
                0x000000000000008c                SPI0_IRQHandler
                0x000000000000008c                CMP_IRQHandler
 *(.text*)
 .text.delay_ms
                0x000000000000009c       0x14 main.o
 .text.memcpy   0x00000000000000b0       0x14 main.o
 .text.exponentialBackOff
                0x00000000000000c4       0x20 main.o
 .text.calcCRC  0x00000000000000e4       0x20 main.o
 .text.appIsValid
                0x0000000000000104       0x20 main.o
 .text.copyPageToFlash
                0x0000000000000124       0x2e main.o
 *fill*         0x0000000000000152        0x2 00
 .text.sendRequest
                0x0000000000000154       0x54 main.o
 .text.saveConfig
                0x00000000000001a8       0x30 main.o
 .text.SysTick_Handler
                0x00000000000001d8       0x10 main.o
                0x00000000000001d8                SysTick_Handler
 .text.startup.main
                0x00000000000001e8      0x238 main.o
                0x00000000000001e8                main
 .text.spiTransfer
                0x0000000000000420       0x1c rf69_12.o
 .text.flushFifo
                0x000000000000043c       0x1a rf69_12.o
 .text.setMode  0x0000000000000456       0x20 rf69_12.o
 *fill*         0x0000000000000476        0x2 00
 .text._crc16_update
                0x0000000000000478       0x34 rf69_12.o
                0x0000000000000478                _crc16_update
 .text.rf12_initialize
                0x00000000000004ac      0x104 rf69_12.o
                0x00000000000004ac                rf12_initialize
 .text.rf12_recvDone
                0x00000000000005b0      0x130 rf69_12.o
                0x00000000000005b0                rf12_recvDone
 .text.rf12_canSend
                0x00000000000006e0       0x24 rf69_12.o
                0x00000000000006e0                rf12_canSend
 .text.rf12_sendStart
                0x0000000000000704       0x60 rf69_12.o
                0x0000000000000704                rf12_sendStart
 .text.rf12_sendNow
                0x0000000000000764       0x22 rf69_12.o
                0x0000000000000764                rf12_sendNow
 *fill*         0x0000000000000786        0x2 00
 .text.rf12_sendWait
                0x0000000000000788       0x18 rf69_12.o
                0x0000000000000788                rf12_sendWait
 .text.iap_erase_page
                0x00000000000007a0       0x30 ../base/iap_driver.o
                0x00000000000007a0                iap_erase_page
 .text.iap_prepare_sector
                0x00000000000007d0       0x28 ../base/iap_driver.o
                0x00000000000007d0                iap_prepare_sector
 .text.iap_copy_ram_to_flash
                0x00000000000007f8       0x30 ../base/iap_driver.o
                0x00000000000007f8                iap_copy_ram_to_flash
 .text.iap_read_part_id
                0x0000000000000828       0x28 ../base/iap_driver.o
                0x0000000000000828                iap_read_part_id
 .text.iap_read_unique_id
                0x0000000000000850       0x34 ../base/iap_driver.o
                0x0000000000000850                iap_read_unique_id
 .text          0x0000000000000884       0x9c /Users/jcw/Tools/gcc-arm-none-eabi-4_7-2013q3/bin/../lib/gcc/arm-none-eabi/4.7.4/armv6-m/libgcc.a(_udivsi3.o)
                0x0000000000000884                __udivsi3
                0x0000000000000884                __aeabi_uidiv
                0x000000000000090c                __aeabi_uidivmod
 .text          0x0000000000000920        0x4 /Users/jcw/Tools/gcc-arm-none-eabi-4_7-2013q3/bin/../lib/gcc/arm-none-eabi/4.7.4/armv6-m/libgcc.a(_dvmd_tls.o)
                0x0000000000000920                __aeabi_ldiv0
                0x0000000000000920                __aeabi_idiv0
 *(.rodata .rodata.*)
 .rodata        0x0000000000000924       0x4c rf69_12.o
                0x0000000000000970                . = ALIGN (0x4)
                0x0000000000000970                _etext = .

.glue_7         0x0000000000000970        0x0
 .glue_7        0x0000000000000000        0x0 linker stubs

.glue_7t        0x0000000000000970        0x0
 .glue_7t       0x0000000000000000        0x0 linker stubs

.vfp11_veneer   0x0000000000000970        0x0
 .vfp11_veneer  0x0000000000000000        0x0 linker stubs

.v4_bx          0x0000000000000970        0x0
 .v4_bx         0x0000000000000000        0x0 linker stubs

.iplt           0x0000000000000970        0x0
 .iplt          0x0000000000000000        0x0 main.o

.rel.dyn        0x0000000000000970        0x0
 .rel.iplt      0x0000000000000000        0x0 main.o

.data           0x0000000010000280        0x0 load address 0x0000000000000970
                0x0000000010000280                _data = .
 *(vtable)
 *(.data*)
                0x0000000010000280                . = ALIGN (0x4)
                0x0000000010000280                _edata = .

.igot.plt       0x0000000010000280        0x0 load address 0x0000000000000970
 .igot.plt      0x0000000000000000        0x0 main.o

.bss            0x0000000010000280       0xa0 load address 0x0000000000000970
                0x0000000010000280                _bss = .
 *(.bss*)
 .bss           0x0000000010000280        0x4 main.o
 .bss           0x0000000010000284        0x4 rf69_12.o
 .bss           0x0000000010000288       0x28 ../base/iap_driver.o
 *(COMMON)
 COMMON         0x00000000100002b0       0x24 main.o
                0x00000000100002b0                backOffCounter
                0x00000000100002b4                config
 COMMON         0x00000000100002d4       0x4a rf69_12.o
                0x00000000100002d4                rf12_buf
                0x000000001000031c                rf12_crc
                0x0000000010000320                . = ALIGN (0x4)
 *fill*         0x000000001000031e        0x2 00
                0x0000000010000320                _ebss = .
                0x0000000010000320                PROVIDE (end, .)
                0x0000000010000320                PROVIDE (_pvHeapStart, .)
                0x0000000010001000                PROVIDE (_vStackTop, (ORIGIN (RAM) + 0xd80))
LOAD main.o
LOAD rf69_12.o
LOAD ../base/spi.o
LOAD ../base/uart.o
LOAD ../base/printf.o
LOAD ../base/printf-retarget.o
LOAD ../base/iap_driver.o
LOAD ../base/system_LPC8xx.o
LOAD ../base/gcc_startup_lpc8xx.o
LOAD /Users/jcw/Tools/gcc-arm-none-eabi-4_7-2013q3/bin/../lib/gcc/arm-none-eabi/4.7.4/armv6-m/libgcc.a
OUTPUT(firmware.elf elf32-littlearm)

.debug_info     0x0000000000000000     0x2b1f
 .debug_info    0x0000000000000000     0x1569 main.o
 .debug_info    0x0000000000001569      0xd20 rf69_12.o
 .debug_info    0x0000000000002289      0x4d6 ../base/iap_driver.o
 .debug_info    0x000000000000275f      0x3c0 ../base/gcc_startup_lpc8xx.o

.debug_abbrev   0x0000000000000000      0xa57
 .debug_abbrev  0x0000000000000000      0x45f main.o
 .debug_abbrev  0x000000000000045f      0x302 rf69_12.o
 .debug_abbrev  0x0000000000000761      0x185 ../base/iap_driver.o
 .debug_abbrev  0x00000000000008e6      0x171 ../base/gcc_startup_lpc8xx.o

.debug_loc      0x0000000000000000      0xce0
 .debug_loc     0x0000000000000000      0x462 main.o
 .debug_loc     0x0000000000000462      0x502 rf69_12.o
 .debug_loc     0x0000000000000964      0x369 ../base/iap_driver.o
 .debug_loc     0x0000000000000ccd       0x13 ../base/gcc_startup_lpc8xx.o

.debug_aranges  0x0000000000000000      0x180
 .debug_aranges
                0x0000000000000000       0x68 main.o
 .debug_aranges
                0x0000000000000068       0x68 rf69_12.o
 .debug_aranges
                0x00000000000000d0       0x58 ../base/iap_driver.o
 .debug_aranges
                0x0000000000000128       0x58 ../base/gcc_startup_lpc8xx.o

.debug_ranges   0x0000000000000000      0x368
 .debug_ranges  0x0000000000000000      0x1d0 main.o
 .debug_ranges  0x00000000000001d0      0x108 rf69_12.o
 .debug_ranges  0x00000000000002d8       0x48 ../base/iap_driver.o
 .debug_ranges  0x0000000000000320       0x48 ../base/gcc_startup_lpc8xx.o

.debug_line     0x0000000000000000      0x95c
 .debug_line    0x0000000000000000      0x311 main.o
 .debug_line    0x0000000000000311      0x31b rf69_12.o
 .debug_line    0x000000000000062c      0x234 ../base/iap_driver.o
 .debug_line    0x0000000000000860       0xfc ../base/gcc_startup_lpc8xx.o

.debug_str      0x0000000000000000      0xbf5
 .debug_str     0x0000000000000000      0x8a2 main.o
                                        0x916 (size before relaxing)
 .debug_str     0x00000000000008a2      0x124 rf69_12.o
                                        0x4c6 (size before relaxing)
 .debug_str     0x00000000000009c6      0x116 ../base/iap_driver.o
                                        0x2a2 (size before relaxing)
 .debug_str     0x0000000000000adc      0x119 ../base/gcc_startup_lpc8xx.o
                                        0x273 (size before relaxing)

.comment        0x0000000000000000       0x70
 .comment       0x0000000000000000       0x70 main.o
                                         0x71 (size before relaxing)
 .comment       0x0000000000000000       0x71 rf69_12.o
 .comment       0x0000000000000000       0x71 ../base/iap_driver.o
 .comment       0x0000000000000000       0x71 ../base/gcc_startup_lpc8xx.o

.ARM.attributes
                0x0000000000000000       0x32
 .ARM.attributes
                0x0000000000000000       0x32 main.o
 .ARM.attributes
                0x0000000000000032       0x32 rf69_12.o
 .ARM.attributes
                0x0000000000000064       0x32 ../base/iap_driver.o
 .ARM.attributes
                0x0000000000000096       0x32 ../base/gcc_startup_lpc8xx.o
 .ARM.attributes
                0x00000000000000c8       0x1e /Users/jcw/Tools/gcc-arm-none-eabi-4_7-2013q3/bin/../lib/gcc/arm-none-eabi/4.7.4/armv6-m/libgcc.a(_udivsi3.o)
 .ARM.attributes
                0x00000000000000e6       0x1e /Users/jcw/Tools/gcc-arm-none-eabi-4_7-2013q3/bin/../lib/gcc/arm-none-eabi/4.7.4/armv6-m/libgcc.a(_dvmd_tls.o)

.debug_frame    0x0000000000000000      0x3a8
 .debug_frame   0x0000000000000000      0x10c main.o
 .debug_frame   0x000000000000010c      0x110 rf69_12.o
 .debug_frame   0x000000000000021c       0xdc ../base/iap_driver.o
 .debug_frame   0x00000000000002f8       0x90 ../base/gcc_startup_lpc8xx.o
 .debug_frame   0x0000000000000388       0x20 /Users/jcw/Tools/gcc-arm-none-eabi-4_7-2013q3/bin/../lib/gcc/arm-none-eabi/4.7.4/armv6-m/libgcc.a(_udivsi3.o)

Cross Reference Table

Symbol                                            File
BOD_IRQHandler                                    ../base/gcc_startup_lpc8xx.o
CMP_IRQHandler                                    ../base/gcc_startup_lpc8xx.o
HardFault_Handler                                 ../base/gcc_startup_lpc8xx.o
I2C_IRQHandler                                    ../base/gcc_startup_lpc8xx.o
IntDefaultHandler                                 ../base/gcc_startup_lpc8xx.o
MRT_IRQHandler                                    ../base/gcc_startup_lpc8xx.o
NMI_Handler                                       ../base/gcc_startup_lpc8xx.o
PININT0_IRQHandler                                ../base/gcc_startup_lpc8xx.o
PININT1_IRQHandler                                ../base/gcc_startup_lpc8xx.o
PININT2_IRQHandler                                ../base/gcc_startup_lpc8xx.o
PININT3_IRQHandler                                ../base/gcc_startup_lpc8xx.o
PININT4_IRQHandler                                ../base/gcc_startup_lpc8xx.o
PININT5_IRQHandler                                ../base/gcc_startup_lpc8xx.o
PININT6_IRQHandler                                ../base/gcc_startup_lpc8xx.o
PININT7_IRQHandler                                ../base/gcc_startup_lpc8xx.o
PendSV_Handler                                    ../base/gcc_startup_lpc8xx.o
ResetISR                                          ../base/gcc_startup_lpc8xx.o
SCT_IRQHandler                                    ../base/gcc_startup_lpc8xx.o
SPI0_IRQHandler                                   ../base/gcc_startup_lpc8xx.o
SPI1_IRQHandler                                   ../base/gcc_startup_lpc8xx.o
SVC_Handler                                       ../base/gcc_startup_lpc8xx.o
SVCall_Handler                                    ../base/gcc_startup_lpc8xx.o
SysTick_Handler                                   main.o
SystemCoreClock                                   ../base/system_LPC8xx.o
SystemCoreClockUpdate                             ../base/system_LPC8xx.o
                                                  ../base/iap_driver.o
SystemInit                                        ../base/system_LPC8xx.o
UART0_IRQHandler                                  ../base/gcc_startup_lpc8xx.o
UART1_IRQHandler                                  ../base/gcc_startup_lpc8xx.o
UART2_IRQHandler                                  ../base/gcc_startup_lpc8xx.o
WDT_IRQHandler                                    ../base/gcc_startup_lpc8xx.o
WKT_Handler                                       ../base/gcc_startup_lpc8xx.o
__aeabi_idiv0                                     /Users/jcw/Tools/gcc-arm-none-eabi-4_7-2013q3/bin/../lib/gcc/arm-none-eabi/4.7.4/armv6-m/libgcc.a(_dvmd_tls.o)
                                                  /Users/jcw/Tools/gcc-arm-none-eabi-4_7-2013q3/bin/../lib/gcc/arm-none-eabi/4.7.4/armv6-m/libgcc.a(_udivsi3.o)
__aeabi_ldiv0                                     /Users/jcw/Tools/gcc-arm-none-eabi-4_7-2013q3/bin/../lib/gcc/arm-none-eabi/4.7.4/armv6-m/libgcc.a(_dvmd_tls.o)
__aeabi_uidiv                                     /Users/jcw/Tools/gcc-arm-none-eabi-4_7-2013q3/bin/../lib/gcc/arm-none-eabi/4.7.4/armv6-m/libgcc.a(_udivsi3.o)
                                                  ../base/system_LPC8xx.o
                                                  ../base/printf.o
                                                  ../base/uart.o
                                                  rf69_12.o
__aeabi_uidivmod                                  /Users/jcw/Tools/gcc-arm-none-eabi-4_7-2013q3/bin/../lib/gcc/arm-none-eabi/4.7.4/armv6-m/libgcc.a(_udivsi3.o)
                                                  ../base/printf.o
__udivsi3                                         /Users/jcw/Tools/gcc-arm-none-eabi-4_7-2013q3/bin/../lib/gcc/arm-none-eabi/4.7.4/armv6-m/libgcc.a(_udivsi3.o)
_bss                                              ../base/gcc_startup_lpc8xx.o
_crc16_update                                     rf69_12.o
                                                  main.o
_data                                             ../base/gcc_startup_lpc8xx.o
_ebss                                             ../base/gcc_startup_lpc8xx.o
_edata                                            ../base/gcc_startup_lpc8xx.o
_etext                                            ../base/gcc_startup_lpc8xx.o
_vStackTop                                        ../base/gcc_startup_lpc8xx.o
backOffCounter                                    main.o
config                                            main.o
g_pfnVectors                                      ../base/gcc_startup_lpc8xx.o
iap_copy_ram_to_flash                             ../base/iap_driver.o
                                                  main.o
iap_erase_page                                    ../base/iap_driver.o
                                                  main.o
iap_erase_sector                                  ../base/iap_driver.o
iap_init                                          ../base/iap_driver.o
iap_prepare_sector                                ../base/iap_driver.o
                                                  main.o
iap_read_bootcode_rev                             ../base/iap_driver.o
iap_read_part_id                                  ../base/iap_driver.o
                                                  main.o
iap_read_unique_id                                ../base/iap_driver.o
                                                  main.o
j                                                 ../base/iap_driver.o
main                                              main.o
                                                  ../base/gcc_startup_lpc8xx.o
printf                                            ../base/printf.o
putchar                                           ../base/printf-retarget.o
                                                  ../base/printf.o
puts                                              ../base/printf-retarget.o
rf12_buf                                          rf69_12.o
                                                  main.o
rf12_canSend                                      rf69_12.o
rf12_crc                                          rf69_12.o
                                                  main.o
rf12_initialize                                   rf69_12.o
                                                  main.o
rf12_recvDone                                     rf69_12.o
                                                  main.o
rf12_sendNow                                      rf69_12.o
                                                  main.o
rf12_sendStart                                    rf69_12.o
rf12_sendWait                                     rf69_12.o
                                                  main.o
spiInit                                           ../base/spi.o
spiTransfer                                       ../base/spi.o
sprintf                                           ../base/printf.o
uart0Init                                         ../base/uart.o
uart0Send                                         ../base/uart.o
uart0SendChar                                     ../base/uart.o
                                                  ../base/printf-retarget.o
