Archive member included because of file (symbol)

/Users/jcw/Tools/gcc-arm-none-eabi-4_7-2013q3/bin/../lib/gcc/arm-none-eabi/4.7.4/armv6-m/libgcc.a(_udivsi3.o)
                              system_LPC8xx.o (__aeabi_uidiv)
/Users/jcw/Tools/gcc-arm-none-eabi-4_7-2013q3/bin/../lib/gcc/arm-none-eabi/4.7.4/armv6-m/libgcc.a(_dvmd_tls.o)
                              /Users/jcw/Tools/gcc-arm-none-eabi-4_7-2013q3/bin/../lib/gcc/arm-none-eabi/4.7.4/armv6-m/libgcc.a(_udivsi3.o) (__aeabi_idiv0)

Allocating common symbols
Common symbol       size              file

msTicks             0x4               main.o

Discarded input sections

 .text          0x0000000000000000        0x0 main.o
 .data          0x0000000000000000        0x0 main.o
 .bss           0x0000000000000000        0x0 main.o
 .text          0x0000000000000000        0x0 system_LPC8xx.o
 .data          0x0000000000000000        0x4 system_LPC8xx.o
 .bss           0x0000000000000000        0x0 system_LPC8xx.o
 .text.SystemCoreClockUpdate
                0x0000000000000000       0x84 system_LPC8xx.o
 .text.SystemInit
                0x0000000000000000       0x14 system_LPC8xx.o
 .rodata        0x0000000000000000       0x3c system_LPC8xx.o
 .debug_info    0x0000000000000000      0x47b system_LPC8xx.o
 .debug_abbrev  0x0000000000000000       0xc7 system_LPC8xx.o
 .debug_loc     0x0000000000000000       0x93 system_LPC8xx.o
 .debug_aranges
                0x0000000000000000       0x28 system_LPC8xx.o
 .debug_ranges  0x0000000000000000       0x18 system_LPC8xx.o
 .debug_line    0x0000000000000000      0x105 system_LPC8xx.o
 .debug_str     0x0000000000000000      0x36b system_LPC8xx.o
 .comment       0x0000000000000000       0x71 system_LPC8xx.o
 .ARM.attributes
                0x0000000000000000       0x32 system_LPC8xx.o
 .debug_frame   0x0000000000000000       0x3c system_LPC8xx.o
 .text          0x0000000000000000        0x0 gcc_startup_lpc8xx.o
 .data          0x0000000000000000        0x0 gcc_startup_lpc8xx.o
 .bss           0x0000000000000000        0x0 gcc_startup_lpc8xx.o
 .text          0x0000000000000000       0x9c /Users/jcw/Tools/gcc-arm-none-eabi-4_7-2013q3/bin/../lib/gcc/arm-none-eabi/4.7.4/armv6-m/libgcc.a(_udivsi3.o)
 .data          0x0000000000000000        0x0 /Users/jcw/Tools/gcc-arm-none-eabi-4_7-2013q3/bin/../lib/gcc/arm-none-eabi/4.7.4/armv6-m/libgcc.a(_udivsi3.o)
 .bss           0x0000000000000000        0x0 /Users/jcw/Tools/gcc-arm-none-eabi-4_7-2013q3/bin/../lib/gcc/arm-none-eabi/4.7.4/armv6-m/libgcc.a(_udivsi3.o)
 .debug_frame   0x0000000000000000       0x20 /Users/jcw/Tools/gcc-arm-none-eabi-4_7-2013q3/bin/../lib/gcc/arm-none-eabi/4.7.4/armv6-m/libgcc.a(_udivsi3.o)
 .ARM.attributes
                0x0000000000000000       0x1e /Users/jcw/Tools/gcc-arm-none-eabi-4_7-2013q3/bin/../lib/gcc/arm-none-eabi/4.7.4/armv6-m/libgcc.a(_udivsi3.o)
 .text          0x0000000000000000        0x4 /Users/jcw/Tools/gcc-arm-none-eabi-4_7-2013q3/bin/../lib/gcc/arm-none-eabi/4.7.4/armv6-m/libgcc.a(_dvmd_tls.o)
 .data          0x0000000000000000        0x0 /Users/jcw/Tools/gcc-arm-none-eabi-4_7-2013q3/bin/../lib/gcc/arm-none-eabi/4.7.4/armv6-m/libgcc.a(_dvmd_tls.o)
 .bss           0x0000000000000000        0x0 /Users/jcw/Tools/gcc-arm-none-eabi-4_7-2013q3/bin/../lib/gcc/arm-none-eabi/4.7.4/armv6-m/libgcc.a(_dvmd_tls.o)
 .ARM.attributes
                0x0000000000000000       0x1e /Users/jcw/Tools/gcc-arm-none-eabi-4_7-2013q3/bin/../lib/gcc/arm-none-eabi/4.7.4/armv6-m/libgcc.a(_dvmd_tls.o)

Memory Configuration

Name             Origin             Length             Attributes
FLASH            0x0000000000000000 0x0000000000004000 xr
RAM              0x0000000010000280 0x0000000000000d80 xrw
*default*        0x0000000000000000 0xffffffffffffffff

Linker script and memory map


.text           0x0000000000000000      0x104
 *(.isr_vector)
 .isr_vector    0x0000000000000000       0x40 gcc_startup_lpc8xx.o
                0x0000000000000000                g_pfnVectors
 *(.after_vectors*)
 .after_vectors
                0x0000000000000040       0x5c gcc_startup_lpc8xx.o
                0x0000000000000040                NMI_Handler
                0x0000000000000042                HardFault_Handler
                0x0000000000000044                PendSV_Handler
                0x0000000000000048                ResetISR
                0x0000000000000088                SVCall_Handler
                0x000000000000008a                WKT_Handler
                0x000000000000008c                PININT1_IRQHandler
                0x000000000000008c                PININT2_IRQHandler
                0x000000000000008c                PININT7_IRQHandler
                0x000000000000008c                MRT_IRQHandler
                0x000000000000008c                UART1_IRQHandler
                0x000000000000008c                UART0_IRQHandler
                0x000000000000008c                SPI1_IRQHandler
                0x000000000000008c                IntDefaultHandler
                0x000000000000008c                PININT3_IRQHandler
                0x000000000000008c                UART2_IRQHandler
                0x000000000000008c                PININT5_IRQHandler
                0x000000000000008c                PININT4_IRQHandler
                0x000000000000008c                PININT0_IRQHandler
                0x000000000000008c                BOD_IRQHandler
                0x000000000000008c                SCT_IRQHandler
                0x000000000000008c                I2C_IRQHandler
                0x000000000000008c                WDT_IRQHandler
                0x000000000000008c                PININT6_IRQHandler
                0x000000000000008c                SPI0_IRQHandler
                0x000000000000008c                CMP_IRQHandler
 *(.text*)
 .text.SysTick_Handler
                0x000000000000009c       0x10 main.o
                0x000000000000009c                SysTick_Handler
 .text.startup.main
                0x00000000000000ac       0x58 main.o
                0x00000000000000ac                main
 *(.rodata .rodata.*)
                0x0000000000000104                . = ALIGN (0x4)
                0x0000000000000104                _etext = .

.glue_7         0x0000000000000104        0x0
 .glue_7        0x0000000000000000        0x0 linker stubs

.glue_7t        0x0000000000000104        0x0
 .glue_7t       0x0000000000000000        0x0 linker stubs

.vfp11_veneer   0x0000000000000104        0x0
 .vfp11_veneer  0x0000000000000000        0x0 linker stubs

.v4_bx          0x0000000000000104        0x0
 .v4_bx         0x0000000000000000        0x0 linker stubs

.iplt           0x0000000000000104        0x0
 .iplt          0x0000000000000000        0x0 main.o

.rel.dyn        0x0000000000000104        0x0
 .rel.iplt      0x0000000000000000        0x0 main.o

.data           0x0000000010000280        0x0 load address 0x0000000000000104
                0x0000000010000280                _data = .
 *(vtable)
 *(.data*)
                0x0000000010000280                . = ALIGN (0x4)
                0x0000000010000280                _edata = .

.igot.plt       0x0000000010000280        0x0 load address 0x0000000000000104
 .igot.plt      0x0000000000000000        0x0 main.o

.bss            0x0000000010000280        0x4 load address 0x0000000000000104
                0x0000000010000280                _bss = .
 *(.bss*)
 *(COMMON)
 COMMON         0x0000000010000280        0x4 main.o
                0x0000000010000280                msTicks
                0x0000000010000284                . = ALIGN (0x4)
                0x0000000010000284                _ebss = .
                0x0000000010000284                PROVIDE (end, .)
                0x0000000010000284                PROVIDE (_pvHeapStart, .)
                0x0000000010001000                PROVIDE (_vStackTop, (ORIGIN (RAM) + 0xd80))
LOAD main.o
LOAD system_LPC8xx.o
LOAD gcc_startup_lpc8xx.o
LOAD /Users/jcw/Tools/gcc-arm-none-eabi-4_7-2013q3/bin/../lib/gcc/arm-none-eabi/4.7.4/armv6-m/libgcc.a
OUTPUT(firmware.elf elf32-littlearm)

.debug_info     0x0000000000000000      0xa05
 .debug_info    0x0000000000000000      0x645 main.o
 .debug_info    0x0000000000000645      0x3c0 gcc_startup_lpc8xx.o

.debug_abbrev   0x0000000000000000      0x334
 .debug_abbrev  0x0000000000000000      0x1c3 main.o
 .debug_abbrev  0x00000000000001c3      0x171 gcc_startup_lpc8xx.o

.debug_aranges  0x0000000000000000       0x80
 .debug_aranges
                0x0000000000000000       0x28 main.o
 .debug_aranges
                0x0000000000000028       0x58 gcc_startup_lpc8xx.o

.debug_ranges   0x0000000000000000       0x90
 .debug_ranges  0x0000000000000000       0x48 main.o
 .debug_ranges  0x0000000000000048       0x48 gcc_startup_lpc8xx.o

.debug_line     0x0000000000000000      0x20a
 .debug_line    0x0000000000000000      0x10e main.o
 .debug_line    0x000000000000010e       0xfc gcc_startup_lpc8xx.o

.debug_str      0x0000000000000000      0x4fb
 .debug_str     0x0000000000000000      0x418 main.o
                                        0x456 (size before relaxing)
 .debug_str     0x0000000000000418       0xe3 gcc_startup_lpc8xx.o
                                        0x273 (size before relaxing)

.comment        0x0000000000000000       0x70
 .comment       0x0000000000000000       0x70 main.o
                                         0x71 (size before relaxing)
 .comment       0x0000000000000000       0x71 gcc_startup_lpc8xx.o

.ARM.attributes
                0x0000000000000000       0x32
 .ARM.attributes
                0x0000000000000000       0x32 main.o
 .ARM.attributes
                0x0000000000000032       0x32 gcc_startup_lpc8xx.o

.debug_frame    0x0000000000000000       0xc0
 .debug_frame   0x0000000000000000       0x30 main.o
 .debug_frame   0x0000000000000030       0x90 gcc_startup_lpc8xx.o

.debug_loc      0x0000000000000000       0x13
 .debug_loc     0x0000000000000000       0x13 gcc_startup_lpc8xx.o

Cross Reference Table

Symbol                                            File
BOD_IRQHandler                                    gcc_startup_lpc8xx.o
CMP_IRQHandler                                    gcc_startup_lpc8xx.o
HardFault_Handler                                 gcc_startup_lpc8xx.o
I2C_IRQHandler                                    gcc_startup_lpc8xx.o
IntDefaultHandler                                 gcc_startup_lpc8xx.o
MRT_IRQHandler                                    gcc_startup_lpc8xx.o
NMI_Handler                                       gcc_startup_lpc8xx.o
PININT0_IRQHandler                                gcc_startup_lpc8xx.o
PININT1_IRQHandler                                gcc_startup_lpc8xx.o
PININT2_IRQHandler                                gcc_startup_lpc8xx.o
PININT3_IRQHandler                                gcc_startup_lpc8xx.o
PININT4_IRQHandler                                gcc_startup_lpc8xx.o
PININT5_IRQHandler                                gcc_startup_lpc8xx.o
PININT6_IRQHandler                                gcc_startup_lpc8xx.o
PININT7_IRQHandler                                gcc_startup_lpc8xx.o
PendSV_Handler                                    gcc_startup_lpc8xx.o
ResetISR                                          gcc_startup_lpc8xx.o
SCT_IRQHandler                                    gcc_startup_lpc8xx.o
SPI0_IRQHandler                                   gcc_startup_lpc8xx.o
SPI1_IRQHandler                                   gcc_startup_lpc8xx.o
SVC_Handler                                       gcc_startup_lpc8xx.o
SVCall_Handler                                    gcc_startup_lpc8xx.o
SysTick_Handler                                   main.o
SystemCoreClock                                   system_LPC8xx.o
SystemCoreClockUpdate                             system_LPC8xx.o
SystemInit                                        system_LPC8xx.o
UART0_IRQHandler                                  gcc_startup_lpc8xx.o
UART1_IRQHandler                                  gcc_startup_lpc8xx.o
UART2_IRQHandler                                  gcc_startup_lpc8xx.o
WDT_IRQHandler                                    gcc_startup_lpc8xx.o
WKT_Handler                                       gcc_startup_lpc8xx.o
__aeabi_idiv0                                     /Users/jcw/Tools/gcc-arm-none-eabi-4_7-2013q3/bin/../lib/gcc/arm-none-eabi/4.7.4/armv6-m/libgcc.a(_dvmd_tls.o)
                                                  /Users/jcw/Tools/gcc-arm-none-eabi-4_7-2013q3/bin/../lib/gcc/arm-none-eabi/4.7.4/armv6-m/libgcc.a(_udivsi3.o)
__aeabi_ldiv0                                     /Users/jcw/Tools/gcc-arm-none-eabi-4_7-2013q3/bin/../lib/gcc/arm-none-eabi/4.7.4/armv6-m/libgcc.a(_dvmd_tls.o)
__aeabi_uidiv                                     /Users/jcw/Tools/gcc-arm-none-eabi-4_7-2013q3/bin/../lib/gcc/arm-none-eabi/4.7.4/armv6-m/libgcc.a(_udivsi3.o)
                                                  system_LPC8xx.o
__aeabi_uidivmod                                  /Users/jcw/Tools/gcc-arm-none-eabi-4_7-2013q3/bin/../lib/gcc/arm-none-eabi/4.7.4/armv6-m/libgcc.a(_udivsi3.o)
__udivsi3                                         /Users/jcw/Tools/gcc-arm-none-eabi-4_7-2013q3/bin/../lib/gcc/arm-none-eabi/4.7.4/armv6-m/libgcc.a(_udivsi3.o)
_bss                                              gcc_startup_lpc8xx.o
_data                                             gcc_startup_lpc8xx.o
_ebss                                             gcc_startup_lpc8xx.o
_edata                                            gcc_startup_lpc8xx.o
_etext                                            gcc_startup_lpc8xx.o
_vStackTop                                        gcc_startup_lpc8xx.o
g_pfnVectors                                      gcc_startup_lpc8xx.o
main                                              main.o
                                                  gcc_startup_lpc8xx.o
msTicks                                           main.o
