Archive member included because of file (symbol)

/Users/jcw/Tools/gcc-arm-none-eabi-4_7-2013q3/bin/../lib/gcc/arm-none-eabi/4.7.4/armv6-m/libgcc.a(_udivsi3.o)
                              ../rf69_12/rf69_12.o (__aeabi_uidiv)
/Users/jcw/Tools/gcc-arm-none-eabi-4_7-2013q3/bin/../lib/gcc/arm-none-eabi/4.7.4/armv6-m/libgcc.a(_dvmd_tls.o)
                              /Users/jcw/Tools/gcc-arm-none-eabi-4_7-2013q3/bin/../lib/gcc/arm-none-eabi/4.7.4/armv6-m/libgcc.a(_udivsi3.o) (__aeabi_idiv0)

Allocating common symbols
Common symbol       size              file

rf12_buf            0x47              ../rf69_12/rf69_12.o
rf12_crc            0x2               ../rf69_12/rf69_12.o

Discarded input sections

 .text          0x0000000000000000        0x0 main.o
 .data          0x0000000000000000        0x0 main.o
 .text          0x0000000000000000        0x0 dataflash.o
 .data          0x0000000000000000        0x0 dataflash.o
 .text.enableCmdAddr
                0x0000000000000000       0x24 dataflash.o
 .text.df_isBusy
                0x0000000000000000       0x1e dataflash.o
 .text.writeEnable
                0x0000000000000000       0x1c dataflash.o
 .text.df_isEmpty
                0x0000000000000000       0x38 dataflash.o
 .text.df_readBytes
                0x0000000000000000       0x2e dataflash.o
 .text.df_eraseEntireChip
                0x0000000000000000       0x1a dataflash.o
 .text.df_eraseSector
                0x0000000000000000       0x1a dataflash.o
 .text.df_writeBytes
                0x0000000000000000       0x30 dataflash.o
 .text.df_scan  0x0000000000000000       0x28 dataflash.o
 .text.df_info  0x0000000000000000       0x3c dataflash.o
 .text.df_open  0x0000000000000000       0x34 dataflash.o
 .text.df_nextBytes
                0x0000000000000000       0x3c dataflash.o
 .text.df_nextLine
                0x0000000000000000       0x48 dataflash.o
 .text.df_appendLine
                0x0000000000000000       0x28 dataflash.o
 .rodata        0x0000000000000000       0x10 dataflash.o
 .text          0x0000000000000000        0x0 ../rf69_12/rf69_12.o
 .data          0x0000000000000000        0x0 ../rf69_12/rf69_12.o
 .text.rf12_canSend
                0x0000000000000000       0x24 ../rf69_12/rf69_12.o
 .text.rf12_sendStart
                0x0000000000000000       0x60 ../rf69_12/rf69_12.o
 .text.rf12_sendNow
                0x0000000000000000       0x22 ../rf69_12/rf69_12.o
 .text.rf12_sendWait
                0x0000000000000000       0x18 ../rf69_12/rf69_12.o
 .text          0x0000000000000000        0x0 ../base/spi.o
 .data          0x0000000000000000        0x0 ../base/spi.o
 .bss           0x0000000000000000        0x0 ../base/spi.o
 .text.spiInit  0x0000000000000000       0x3c ../base/spi.o
 .text.spiTransfer
                0x0000000000000000       0x1c ../base/spi.o
 .debug_info    0x0000000000000000      0x534 ../base/spi.o
 .debug_abbrev  0x0000000000000000       0xec ../base/spi.o
 .debug_loc     0x0000000000000000       0x21 ../base/spi.o
 .debug_aranges
                0x0000000000000000       0x28 ../base/spi.o
 .debug_ranges  0x0000000000000000       0x18 ../base/spi.o
 .debug_line    0x0000000000000000       0xee ../base/spi.o
 .debug_str     0x0000000000000000      0x397 ../base/spi.o
 .comment       0x0000000000000000       0x71 ../base/spi.o
 .ARM.attributes
                0x0000000000000000       0x32 ../base/spi.o
 .debug_frame   0x0000000000000000       0x30 ../base/spi.o
 .text          0x0000000000000000        0x0 ../base/uart.o
 .data          0x0000000000000000        0x0 ../base/uart.o
 .bss           0x0000000000000000        0x0 ../base/uart.o
 .text.uart0Send
                0x0000000000000000       0x16 ../base/uart.o
 .text          0x0000000000000000        0x0 ../base/printf.o
 .data          0x0000000000000000        0x0 ../base/printf.o
 .bss           0x0000000000000000        0x0 ../base/printf.o
 .text.sprintf  0x0000000000000000       0x1c ../base/printf.o
 .text          0x0000000000000000        0x0 ../base/printf-retarget.o
 .data          0x0000000000000000        0x0 ../base/printf-retarget.o
 .bss           0x0000000000000000        0x0 ../base/printf-retarget.o
 .text.puts     0x0000000000000000       0x14 ../base/printf-retarget.o
 .text          0x0000000000000000        0x0 ../base/system_LPC8xx.o
 .data          0x0000000000000000        0x4 ../base/system_LPC8xx.o
 .bss           0x0000000000000000        0x0 ../base/system_LPC8xx.o
 .text.SystemCoreClockUpdate
                0x0000000000000000       0x84 ../base/system_LPC8xx.o
 .text.SystemInit
                0x0000000000000000       0x14 ../base/system_LPC8xx.o
 .rodata        0x0000000000000000       0x3c ../base/system_LPC8xx.o
 .debug_info    0x0000000000000000      0x47b ../base/system_LPC8xx.o
 .debug_abbrev  0x0000000000000000       0xc7 ../base/system_LPC8xx.o
 .debug_loc     0x0000000000000000       0x93 ../base/system_LPC8xx.o
 .debug_aranges
                0x0000000000000000       0x28 ../base/system_LPC8xx.o
 .debug_ranges  0x0000000000000000       0x18 ../base/system_LPC8xx.o
 .debug_line    0x0000000000000000      0x105 ../base/system_LPC8xx.o
 .debug_str     0x0000000000000000      0x36d ../base/system_LPC8xx.o
 .comment       0x0000000000000000       0x71 ../base/system_LPC8xx.o
 .ARM.attributes
                0x0000000000000000       0x32 ../base/system_LPC8xx.o
 .debug_frame   0x0000000000000000       0x3c ../base/system_LPC8xx.o
 .text          0x0000000000000000        0x0 ../base/gcc_startup_lpc8xx.o
 .data          0x0000000000000000        0x0 ../base/gcc_startup_lpc8xx.o
 .bss           0x0000000000000000        0x0 ../base/gcc_startup_lpc8xx.o
 .data          0x0000000000000000        0x0 /Users/jcw/Tools/gcc-arm-none-eabi-4_7-2013q3/bin/../lib/gcc/arm-none-eabi/4.7.4/armv6-m/libgcc.a(_udivsi3.o)
 .bss           0x0000000000000000        0x0 /Users/jcw/Tools/gcc-arm-none-eabi-4_7-2013q3/bin/../lib/gcc/arm-none-eabi/4.7.4/armv6-m/libgcc.a(_udivsi3.o)
 .data          0x0000000000000000        0x0 /Users/jcw/Tools/gcc-arm-none-eabi-4_7-2013q3/bin/../lib/gcc/arm-none-eabi/4.7.4/armv6-m/libgcc.a(_dvmd_tls.o)
 .bss           0x0000000000000000        0x0 /Users/jcw/Tools/gcc-arm-none-eabi-4_7-2013q3/bin/../lib/gcc/arm-none-eabi/4.7.4/armv6-m/libgcc.a(_dvmd_tls.o)

Memory Configuration

Name             Origin             Length             Attributes
FLASH            0x0000000000000000 0x0000000000004000 xr
RAM              0x0000000010000280 0x0000000000000d80 xrw
*default*        0x0000000000000000 0xffffffffffffffff

Linker script and memory map


.text           0x0000000000000000      0xad0
 *(.isr_vector)
 .isr_vector    0x0000000000000000       0xc0 ../base/gcc_startup_lpc8xx.o
                0x0000000000000000                g_pfnVectors
 *(.after_vectors*)
 .after_vectors
                0x00000000000000c0       0x4c ../base/gcc_startup_lpc8xx.o
                0x00000000000000c0                NMI_Handler
                0x00000000000000c2                HardFault_Handler
                0x00000000000000c4                PendSV_Handler
                0x00000000000000c8                PININT7_IRQHandler
                0x00000000000000c8                WKT_IRQHandler
                0x00000000000000c8                PININT2_IRQHandler
                0x00000000000000c8                PININT1_IRQHandler
                0x00000000000000c8                MRT_IRQHandler
                0x00000000000000c8                UART1_IRQHandler
                0x00000000000000c8                UART0_IRQHandler
                0x00000000000000c8                SPI1_IRQHandler
                0x00000000000000c8                IntDefaultHandler
                0x00000000000000c8                PININT3_IRQHandler
                0x00000000000000c8                UART2_IRQHandler
                0x00000000000000c8                PININT5_IRQHandler
                0x00000000000000c8                PININT4_IRQHandler
                0x00000000000000c8                PININT0_IRQHandler
                0x00000000000000c8                BOD_IRQHandler
                0x00000000000000c8                SCT_IRQHandler
                0x00000000000000c8                I2C_IRQHandler
                0x00000000000000c8                WDT_IRQHandler
                0x00000000000000c8                PININT6_IRQHandler
                0x00000000000000c8                SPI0_IRQHandler
                0x00000000000000c8                CMP_IRQHandler
                0x00000000000000ca                ResetISR
                0x0000000000000108                SVCall_Handler
 *(.text*)
 .text.SysTick_Handler
                0x000000000000010c       0x10 main.o
                0x000000000000010c                SysTick_Handler
 .text.startup.main
                0x000000000000011c      0x184 main.o
                0x000000000000011c                main
 .text.xferByte
                0x00000000000002a0       0x28 dataflash.o
 .text.writeData.isra.0
                0x00000000000002c8       0x2c dataflash.o
 .text.df_init  0x00000000000002f4       0x40 dataflash.o
                0x00000000000002f4                df_init
 .text.df_create
                0x0000000000000334       0x2c dataflash.o
                0x0000000000000334                df_create
 .text.df_appendBytes
                0x0000000000000360       0x38 dataflash.o
                0x0000000000000360                df_appendBytes
 .text.df_close
                0x0000000000000398       0x24 dataflash.o
                0x0000000000000398                df_close
 .text.spiTransfer
                0x00000000000003bc       0x1c ../rf69_12/rf69_12.o
 .text.flushFifo
                0x00000000000003d8       0x1a ../rf69_12/rf69_12.o
 .text.setMode  0x00000000000003f2       0x20 ../rf69_12/rf69_12.o
 *fill*         0x0000000000000412        0x2 00
 .text._crc16_update
                0x0000000000000414       0x34 ../rf69_12/rf69_12.o
                0x0000000000000414                _crc16_update
 .text.rf12_initialize
                0x0000000000000448      0x110 ../rf69_12/rf69_12.o
                0x0000000000000448                rf12_initialize
 .text.rf12_recvDone
                0x0000000000000558      0x130 ../rf69_12/rf69_12.o
                0x0000000000000558                rf12_recvDone
 .text.uart0Init
                0x0000000000000688       0x7c ../base/uart.o
                0x0000000000000688                uart0Init
 .text.uart0SendChar
                0x0000000000000704       0x10 ../base/uart.o
                0x0000000000000704                uart0SendChar
 .text.printchar
                0x0000000000000714       0x1a ../base/printf.o
 .text.prints   0x000000000000072e       0x84 ../base/printf.o
 .text.printi   0x00000000000007b2       0xaa ../base/printf.o
 .text.print    0x000000000000085c      0x118 ../base/printf.o
 .text.printf   0x0000000000000974       0x1a ../base/printf.o
                0x0000000000000974                printf
 .text.putchar  0x000000000000098e       0x16 ../base/printf-retarget.o
                0x000000000000098e                putchar
 .text          0x00000000000009a4       0x9c /Users/jcw/Tools/gcc-arm-none-eabi-4_7-2013q3/bin/../lib/gcc/arm-none-eabi/4.7.4/armv6-m/libgcc.a(_udivsi3.o)
                0x00000000000009a4                __udivsi3
                0x00000000000009a4                __aeabi_uidiv
                0x0000000000000a2c                __aeabi_uidivmod
 .text          0x0000000000000a40        0x4 /Users/jcw/Tools/gcc-arm-none-eabi-4_7-2013q3/bin/../lib/gcc/arm-none-eabi/4.7.4/armv6-m/libgcc.a(_dvmd_tls.o)
                0x0000000000000a40                __aeabi_ldiv0
                0x0000000000000a40                __aeabi_idiv0
 *(.rodata .rodata.*)
 .rodata.str1.1
                0x0000000000000a44       0x26 main.o
                                         0x2c (size before relaxing)
 .rodata.str1.1
                0x0000000000000a6a        0xf dataflash.o
                                         0x11 (size before relaxing)
 *fill*         0x0000000000000a79        0x1 00
 .rodata        0x0000000000000a7a       0x4c ../rf69_12/rf69_12.o
 .rodata.str1.1
                0x0000000000000ac6        0x7 ../base/printf.o
                0x0000000000000ad0                . = ALIGN (0x4)
 *fill*         0x0000000000000acd        0x3 00
                0x0000000000000ad0                _etext = .

.glue_7         0x0000000000000ad0        0x0
 .glue_7        0x0000000000000000        0x0 linker stubs

.glue_7t        0x0000000000000ad0        0x0
 .glue_7t       0x0000000000000000        0x0 linker stubs

.vfp11_veneer   0x0000000000000ad0        0x0
 .vfp11_veneer  0x0000000000000000        0x0 linker stubs

.v4_bx          0x0000000000000ad0        0x0
 .v4_bx         0x0000000000000000        0x0 linker stubs

.iplt           0x0000000000000ad0        0x0
 .iplt          0x0000000000000000        0x0 main.o

.rel.dyn        0x0000000000000ad0        0x0
 .rel.iplt      0x0000000000000000        0x0 main.o

.data           0x0000000010000280        0x0 load address 0x0000000000000ad0
                0x0000000010000280                _data = .
 *(vtable)
 *(.data*)
                0x0000000010000280                . = ALIGN (0x4)
                0x0000000010000280                _edata = .

.igot.plt       0x0000000010000280        0x0 load address 0x0000000000000ad0
 .igot.plt      0x0000000000000000        0x0 main.o

.bss            0x0000000010000280      0x11c load address 0x0000000000000ad0
                0x0000000010000280                _bss = .
 *(.bss*)
 .bss           0x0000000010000280        0x4 main.o
                0x0000000010000280                msTicks
 .bss           0x0000000010000284       0xc8 dataflash.o
 .bss           0x000000001000034c        0x4 ../rf69_12/rf69_12.o
 *(COMMON)
 COMMON         0x0000000010000350       0x4a ../rf69_12/rf69_12.o
                0x0000000010000350                rf12_buf
                0x0000000010000398                rf12_crc
                0x000000001000039c                . = ALIGN (0x4)
 *fill*         0x000000001000039a        0x2 00
                0x000000001000039c                _ebss = .
                0x000000001000039c                PROVIDE (end, .)
                0x000000001000039c                PROVIDE (_pvHeapStart, .)
                0x0000000010001000                PROVIDE (_vStackTop, (ORIGIN (RAM) + 0xd80))
LOAD main.o
LOAD dataflash.o
LOAD ../rf69_12/rf69_12.o
LOAD ../base/spi.o
LOAD ../base/uart.o
LOAD ../base/printf.o
LOAD ../base/printf-retarget.o
LOAD ../base/system_LPC8xx.o
LOAD ../base/gcc_startup_lpc8xx.o
LOAD /Users/jcw/Tools/gcc-arm-none-eabi-4_7-2013q3/bin/../lib/gcc/arm-none-eabi/4.7.4/armv6-m/libgcc.a
OUTPUT(firmware.elf elf32-littlearm)

.debug_info     0x0000000000000000     0x3713
 .debug_info    0x0000000000000000      0xe92 main.o
 .debug_info    0x0000000000000e92      0xdfd dataflash.o
 .debug_info    0x0000000000001c8f      0xd33 ../rf69_12/rf69_12.o
 .debug_info    0x00000000000029c2      0x597 ../base/uart.o
 .debug_info    0x0000000000002f59      0x4db ../base/printf.o
 .debug_info    0x0000000000003434      0x11b ../base/printf-retarget.o
 .debug_info    0x000000000000354f      0x1c4 ../base/gcc_startup_lpc8xx.o

.debug_abbrev   0x0000000000000000      0xf01
 .debug_abbrev  0x0000000000000000      0x38d main.o
 .debug_abbrev  0x000000000000038d      0x35d dataflash.o
 .debug_abbrev  0x00000000000006ea      0x311 ../rf69_12/rf69_12.o
 .debug_abbrev  0x00000000000009fb      0x149 ../base/uart.o
 .debug_abbrev  0x0000000000000b44      0x1d9 ../base/printf.o
 .debug_abbrev  0x0000000000000d1d       0xc8 ../base/printf-retarget.o
 .debug_abbrev  0x0000000000000de5      0x11c ../base/gcc_startup_lpc8xx.o

.debug_loc      0x0000000000000000     0x173e
 .debug_loc     0x0000000000000000       0xa6 main.o
 .debug_loc     0x00000000000000a6      0x94b dataflash.o
 .debug_loc     0x00000000000009f1      0x523 ../rf69_12/rf69_12.o
 .debug_loc     0x0000000000000f14       0xa8 ../base/uart.o
 .debug_loc     0x0000000000000fbc      0x6f0 ../base/printf.o
 .debug_loc     0x00000000000016ac       0x7f ../base/printf-retarget.o
 .debug_loc     0x000000000000172b       0x13 ../base/gcc_startup_lpc8xx.o

.debug_aranges  0x0000000000000000      0x238
 .debug_aranges
                0x0000000000000000       0x28 main.o
 .debug_aranges
                0x0000000000000028       0xb8 dataflash.o
 .debug_aranges
                0x00000000000000e0       0x68 ../rf69_12/rf69_12.o
 .debug_aranges
                0x0000000000000148       0x30 ../base/uart.o
 .debug_aranges
                0x0000000000000178       0x48 ../base/printf.o
 .debug_aranges
                0x00000000000001c0       0x28 ../base/printf-retarget.o
 .debug_aranges
                0x00000000000001e8       0x50 ../base/gcc_startup_lpc8xx.o

.debug_ranges   0x0000000000000000      0x378
 .debug_ranges  0x0000000000000000       0x80 main.o
 .debug_ranges  0x0000000000000080      0x140 dataflash.o
 .debug_ranges  0x00000000000001c0      0x108 ../rf69_12/rf69_12.o
 .debug_ranges  0x00000000000002c8       0x20 ../base/uart.o
 .debug_ranges  0x00000000000002e8       0x38 ../base/printf.o
 .debug_ranges  0x0000000000000320       0x18 ../base/printf-retarget.o
 .debug_ranges  0x0000000000000338       0x40 ../base/gcc_startup_lpc8xx.o

.debug_line     0x0000000000000000      0xc9e
 .debug_line    0x0000000000000000      0x1a6 main.o
 .debug_line    0x00000000000001a6      0x3c7 dataflash.o
 .debug_line    0x000000000000056d      0x308 ../rf69_12/rf69_12.o
 .debug_line    0x0000000000000875      0x11c ../base/uart.o
 .debug_line    0x0000000000000991      0x22c ../base/printf.o
 .debug_line    0x0000000000000bbd       0x74 ../base/printf-retarget.o
 .debug_line    0x0000000000000c31       0x6d ../base/gcc_startup_lpc8xx.o

.debug_str      0x0000000000000000      0xcbc
 .debug_str     0x0000000000000000      0x747 main.o
                                        0x7f4 (size before relaxing)
 .debug_str     0x0000000000000747      0x20c dataflash.o
                                        0x3ad (size before relaxing)
 .debug_str     0x0000000000000953      0x17e ../rf69_12/rf69_12.o
                                        0x4d2 (size before relaxing)
 .debug_str     0x0000000000000ad1       0x8d ../base/uart.o
                                        0x3b9 (size before relaxing)
 .debug_str     0x0000000000000b5e       0x90 ../base/printf.o
                                        0x12d (size before relaxing)
 .debug_str     0x0000000000000bee       0x1f ../base/printf-retarget.o
                                        0x13a (size before relaxing)
 .debug_str     0x0000000000000c0d       0xaf ../base/gcc_startup_lpc8xx.o
                                        0x14d (size before relaxing)

.comment        0x0000000000000000       0x70
 .comment       0x0000000000000000       0x70 main.o
                                         0x71 (size before relaxing)
 .comment       0x0000000000000000       0x71 dataflash.o
 .comment       0x0000000000000000       0x71 ../rf69_12/rf69_12.o
 .comment       0x0000000000000000       0x71 ../base/uart.o
 .comment       0x0000000000000000       0x71 ../base/printf.o
 .comment       0x0000000000000000       0x71 ../base/printf-retarget.o
 .comment       0x0000000000000000       0x71 ../base/gcc_startup_lpc8xx.o

.ARM.attributes
                0x0000000000000000       0x32
 .ARM.attributes
                0x0000000000000000       0x32 main.o
 .ARM.attributes
                0x0000000000000032       0x32 dataflash.o
 .ARM.attributes
                0x0000000000000064       0x32 ../rf69_12/rf69_12.o
 .ARM.attributes
                0x0000000000000096       0x32 ../base/uart.o
 .ARM.attributes
                0x00000000000000c8       0x32 ../base/printf.o
 .ARM.attributes
                0x00000000000000fa       0x32 ../base/printf-retarget.o
 .ARM.attributes
                0x000000000000012c       0x32 ../base/gcc_startup_lpc8xx.o
 .ARM.attributes
                0x000000000000015e       0x1e /Users/jcw/Tools/gcc-arm-none-eabi-4_7-2013q3/bin/../lib/gcc/arm-none-eabi/4.7.4/armv6-m/libgcc.a(_udivsi3.o)
 .ARM.attributes
                0x000000000000017c       0x1e /Users/jcw/Tools/gcc-arm-none-eabi-4_7-2013q3/bin/../lib/gcc/arm-none-eabi/4.7.4/armv6-m/libgcc.a(_dvmd_tls.o)

.debug_frame    0x0000000000000000      0x580
 .debug_frame   0x0000000000000000       0x40 main.o
 .debug_frame   0x0000000000000040      0x224 dataflash.o
 .debug_frame   0x0000000000000264      0x110 ../rf69_12/rf69_12.o
 .debug_frame   0x0000000000000374       0x60 ../base/uart.o
 .debug_frame   0x00000000000003d4       0xcc ../base/printf.o
 .debug_frame   0x00000000000004a0       0x40 ../base/printf-retarget.o
 .debug_frame   0x00000000000004e0       0x80 ../base/gcc_startup_lpc8xx.o
 .debug_frame   0x0000000000000560       0x20 /Users/jcw/Tools/gcc-arm-none-eabi-4_7-2013q3/bin/../lib/gcc/arm-none-eabi/4.7.4/armv6-m/libgcc.a(_udivsi3.o)

Cross Reference Table

Symbol                                            File
BOD_IRQHandler                                    ../base/gcc_startup_lpc8xx.o
CMP_IRQHandler                                    ../base/gcc_startup_lpc8xx.o
CSEL                                              dataflash.o
HardFault_Handler                                 ../base/gcc_startup_lpc8xx.o
I2C_IRQHandler                                    ../base/gcc_startup_lpc8xx.o
IntDefaultHandler                                 ../base/gcc_startup_lpc8xx.o
MISO                                              dataflash.o
MOSI                                              dataflash.o
MRT_IRQHandler                                    ../base/gcc_startup_lpc8xx.o
NMI_Handler                                       ../base/gcc_startup_lpc8xx.o
PININT0_IRQHandler                                ../base/gcc_startup_lpc8xx.o
PININT1_IRQHandler                                ../base/gcc_startup_lpc8xx.o
PININT2_IRQHandler                                ../base/gcc_startup_lpc8xx.o
PININT3_IRQHandler                                ../base/gcc_startup_lpc8xx.o
PININT4_IRQHandler                                ../base/gcc_startup_lpc8xx.o
PININT5_IRQHandler                                ../base/gcc_startup_lpc8xx.o
PININT6_IRQHandler                                ../base/gcc_startup_lpc8xx.o
PININT7_IRQHandler                                ../base/gcc_startup_lpc8xx.o
PendSV_Handler                                    ../base/gcc_startup_lpc8xx.o
ResetISR                                          ../base/gcc_startup_lpc8xx.o
SCLK                                              dataflash.o
SCT_IRQHandler                                    ../base/gcc_startup_lpc8xx.o
SPI0_IRQHandler                                   ../base/gcc_startup_lpc8xx.o
SPI1_IRQHandler                                   ../base/gcc_startup_lpc8xx.o
SVC_Handler                                       ../base/gcc_startup_lpc8xx.o
SVCall_Handler                                    ../base/gcc_startup_lpc8xx.o
SysTick_Handler                                   main.o
SystemCoreClock                                   ../base/system_LPC8xx.o
SystemCoreClockUpdate                             ../base/system_LPC8xx.o
SystemInit                                        ../base/system_LPC8xx.o
UART0_IRQHandler                                  ../base/gcc_startup_lpc8xx.o
UART1_IRQHandler                                  ../base/gcc_startup_lpc8xx.o
UART2_IRQHandler                                  ../base/gcc_startup_lpc8xx.o
WDT_IRQHandler                                    ../base/gcc_startup_lpc8xx.o
WKT_IRQHandler                                    ../base/gcc_startup_lpc8xx.o
__aeabi_idiv0                                     /Users/jcw/Tools/gcc-arm-none-eabi-4_7-2013q3/bin/../lib/gcc/arm-none-eabi/4.7.4/armv6-m/libgcc.a(_dvmd_tls.o)
                                                  /Users/jcw/Tools/gcc-arm-none-eabi-4_7-2013q3/bin/../lib/gcc/arm-none-eabi/4.7.4/armv6-m/libgcc.a(_udivsi3.o)
__aeabi_ldiv0                                     /Users/jcw/Tools/gcc-arm-none-eabi-4_7-2013q3/bin/../lib/gcc/arm-none-eabi/4.7.4/armv6-m/libgcc.a(_dvmd_tls.o)
__aeabi_uidiv                                     /Users/jcw/Tools/gcc-arm-none-eabi-4_7-2013q3/bin/../lib/gcc/arm-none-eabi/4.7.4/armv6-m/libgcc.a(_udivsi3.o)
                                                  ../base/system_LPC8xx.o
                                                  ../base/printf.o
                                                  ../base/uart.o
                                                  ../rf69_12/rf69_12.o
__aeabi_uidivmod                                  /Users/jcw/Tools/gcc-arm-none-eabi-4_7-2013q3/bin/../lib/gcc/arm-none-eabi/4.7.4/armv6-m/libgcc.a(_udivsi3.o)
                                                  ../base/printf.o
__udivsi3                                         /Users/jcw/Tools/gcc-arm-none-eabi-4_7-2013q3/bin/../lib/gcc/arm-none-eabi/4.7.4/armv6-m/libgcc.a(_udivsi3.o)
_bss                                              ../base/gcc_startup_lpc8xx.o
_crc16_update                                     ../rf69_12/rf69_12.o
_data                                             ../base/gcc_startup_lpc8xx.o
_ebss                                             ../base/gcc_startup_lpc8xx.o
_edata                                            ../base/gcc_startup_lpc8xx.o
_etext                                            ../base/gcc_startup_lpc8xx.o
_vStackTop                                        ../base/gcc_startup_lpc8xx.o
df_appendBytes                                    dataflash.o
                                                  main.o
df_appendLine                                     dataflash.o
df_close                                          dataflash.o
                                                  main.o
df_create                                         dataflash.o
                                                  main.o
df_eraseEntireChip                                dataflash.o
df_eraseSector                                    dataflash.o
df_info                                           dataflash.o
df_init                                           dataflash.o
                                                  main.o
df_isBusy                                         dataflash.o
df_isEmpty                                        dataflash.o
df_nextBytes                                      dataflash.o
df_nextLine                                       dataflash.o
df_open                                           dataflash.o
df_readBytes                                      dataflash.o
df_scan                                           dataflash.o
df_writeBytes                                     dataflash.o
g_pfnVectors                                      ../base/gcc_startup_lpc8xx.o
main                                              main.o
                                                  ../base/gcc_startup_lpc8xx.o
msTicks                                           main.o
printf                                            ../base/printf.o
                                                  dataflash.o
                                                  main.o
putchar                                           ../base/printf-retarget.o
                                                  ../base/printf.o
puts                                              ../base/printf-retarget.o
rf12_buf                                          ../rf69_12/rf69_12.o
                                                  main.o
rf12_canSend                                      ../rf69_12/rf69_12.o
rf12_crc                                          ../rf69_12/rf69_12.o
                                                  main.o
rf12_initialize                                   ../rf69_12/rf69_12.o
                                                  main.o
rf12_recvDone                                     ../rf69_12/rf69_12.o
                                                  main.o
rf12_sendNow                                      ../rf69_12/rf69_12.o
rf12_sendStart                                    ../rf69_12/rf69_12.o
rf12_sendWait                                     ../rf69_12/rf69_12.o
spiInit                                           ../base/spi.o
spiTransfer                                       ../base/spi.o
sprintf                                           ../base/printf.o
uart0Init                                         ../base/uart.o
                                                  main.o
uart0Send                                         ../base/uart.o
uart0SendChar                                     ../base/uart.o
                                                  ../base/printf-retarget.o
